Component: ARM Compiler 5.06 update 6 (build 750) Tool: armlink [4d35ed]

==============================================================================

Section Cross References

    startup_stm32f030x8.o(RESET) refers to startup_stm32f030x8.o(STACK) for __initial_sp
    startup_stm32f030x8.o(RESET) refers to startup_stm32f030x8.o(.text) for Reset_Handler
    startup_stm32f030x8.o(RESET) refers to stm32f0xx_it.o(i.NMI_Handler) for NMI_Handler
    startup_stm32f030x8.o(RESET) refers to stm32f0xx_it.o(i.HardFault_Handler) for HardFault_Handler
    startup_stm32f030x8.o(RESET) refers to stm32f0xx_it.o(i.SVC_Handler) for SVC_Handler
    startup_stm32f030x8.o(RESET) refers to stm32f0xx_it.o(i.PendSV_Handler) for PendSV_Handler
    startup_stm32f030x8.o(RESET) refers to stm32f0xx_it.o(i.SysTick_Handler) for SysTick_Handler
    startup_stm32f030x8.o(RESET) refers to stm32f0xx_it.o(i.EXTI0_1_IRQHandler) for EXTI0_1_IRQHandler
    startup_stm32f030x8.o(RESET) refers to stm32f0xx_it.o(i.EXTI2_3_IRQHandler) for EXTI2_3_IRQHandler
    startup_stm32f030x8.o(RESET) refers to stm32f0xx_it.o(i.TIM6_IRQHandler) for TIM6_IRQHandler
    startup_stm32f030x8.o(.text) refers to system_stm32f0xx.o(i.SystemInit) for SystemInit
    startup_stm32f030x8.o(.text) refers to entry.o(.ARM.Collect$$$$00000000) for __main
    stm32f0xx_it.o(i.EXTI0_1_IRQHandler) refers to stm32f0xx_it.o(i.LL_EXTI_IsActiveFlag_0_31) for LL_EXTI_IsActiveFlag_0_31
    stm32f0xx_it.o(i.EXTI0_1_IRQHandler) refers to stm32f0xx_it.o(i.LL_GPIO_IsInputPinSet) for LL_GPIO_IsInputPinSet
    stm32f0xx_it.o(i.EXTI2_3_IRQHandler) refers to stm32f0xx_it.o(i.LL_EXTI_IsActiveFlag_0_31) for LL_EXTI_IsActiveFlag_0_31
    stm32f0xx_it.o(i.EXTI2_3_IRQHandler) refers to stm32f0xx_it.o(i.LL_GPIO_IsInputPinSet) for LL_GPIO_IsInputPinSet
    stm32f0xx_it.o(i.EXTI2_3_IRQHandler) refers to main.o(.data) for enmode
    stm32f0xx_it.o(i.TIM6_IRQHandler) refers to main.o(i.ReadAngle) for ReadAngle
    stm32f0xx_it.o(i.TIM6_IRQHandler) refers to main.o(i.Output) for Output
    stm32f0xx_it.o(i.TIM6_IRQHandler) refers to main.o(.data) for enmode
    stm32f0xx_it.o(i.TIM6_IRQHandler) refers to main.o(.data) for s
    stm32f0xx_it.o(i.TIM6_IRQHandler) refers to main.o(.data) for s_1
    stm32f0xx_it.o(i.TIM6_IRQHandler) refers to main.o(.data) for wrap_count
    stm32f0xx_it.o(i.TIM6_IRQHandler) refers to main.o(.data) for e
    stm32f0xx_it.o(i.TIM6_IRQHandler) refers to main.o(.data) for iterm
    stm32f0xx_it.o(i.TIM6_IRQHandler) refers to main.o(.constdata) for LPFA
    stm32f0xx_it.o(i.TIM6_IRQHandler) refers to main.o(.data) for dterm
    stm32f0xx_it.o(i.TIM6_IRQHandler) refers to main.o(.constdata) for LPFB
    stm32f0xx_it.o(i.TIM6_IRQHandler) refers to main.o(.data) for u
    stm32f0xx_it.o(i.TIM6_IRQHandler) refers to main.o(.data) for advance
    stm32f0xx_it.o(i.TIM6_IRQHandler) refers to main.o(.data) for r_1
    stm32f0xx_it.o(i.TIM6_IRQHandler) refers to main.o(.data) for hccount
    main.o(i.CalibrateEncoder) refers to main.o(i.Output) for Output
    main.o(i.CalibrateEncoder) refers to stm32f0xx_ll_utils.o(i.LL_mDelay) for LL_mDelay
    main.o(i.CalibrateEncoder) refers to main.o(i.ReadAngle) for ReadAngle
    main.o(i.CalibrateEncoder) refers to idiv.o(.text) for __aeabi_idivmod
    main.o(i.CalibrateEncoder) refers to main.o(i.OneStep) for OneStep
    main.o(i.CalibrateEncoder) refers to uidiv.o(.text) for __aeabi_uidivmod
    main.o(i.CalibrateEncoder) refers to main.o(i.FlashUnlock) for FlashUnlock
    main.o(i.CalibrateEncoder) refers to main.o(i.FlashErase32K) for FlashErase32K
    main.o(i.CalibrateEncoder) refers to main.o(i.FlashWriteHalfWord) for FlashWriteHalfWord
    main.o(i.CalibrateEncoder) refers to main.o(i.FlashLock) for FlashLock
    main.o(i.CalibrateEncoder) refers to main.o(.data) for .data
    main.o(i.FlashErase32K) refers to main.o(i.FlashErasePage) for FlashErasePage
    main.o(i.FlashErasePage) refers to main.o(i.FlashWaitDone) for FlashWaitDone
    main.o(i.FlashWaitDone) refers to main.o(i.FlashGetStatus) for FlashGetStatus
    main.o(i.FlashWaitDone) refers to main.o(i.UsDelay) for UsDelay
    main.o(i.FlashWriteHalfWord) refers to main.o(i.FlashWaitDone) for FlashWaitDone
    main.o(i.LL_TIM_OC_DisableFast) refers to main.o(.constdata) for .constdata
    main.o(i.LL_TIM_OC_EnablePreload) refers to main.o(.constdata) for .constdata
    main.o(i.MX_GPIO_Init) refers to main.o(i.LL_AHB1_GRP1_EnableClock) for LL_AHB1_GRP1_EnableClock
    main.o(i.MX_GPIO_Init) refers to stm32f0xx_ll_gpio.o(i.LL_GPIO_Init) for LL_GPIO_Init
    main.o(i.MX_GPIO_Init) refers to main.o(i.LL_SYSCFG_SetEXTISource) for LL_SYSCFG_SetEXTISource
    main.o(i.MX_GPIO_Init) refers to main.o(i.LL_GPIO_SetPinPull) for LL_GPIO_SetPinPull
    main.o(i.MX_GPIO_Init) refers to main.o(i.LL_GPIO_SetPinMode) for LL_GPIO_SetPinMode
    main.o(i.MX_GPIO_Init) refers to stm32f0xx_ll_exti.o(i.LL_EXTI_Init) for LL_EXTI_Init
[...]
    stm32f0xx_ll_tim.o(i.LL_TIM_OC_Init) refers to stm32f0xx_ll_tim.o(i.OC3Config) for OC3Config
    stm32f0xx_ll_dma.o(i.LL_DMA_Init) refers to stm32f0xx_ll_dma.o(.constdata) for .constdata
    stm32f0xx_ll_rcc.o(i.LL_RCC_GetI2CClockFreq) refers to stm32f0xx_ll_rcc.o(i.RCC_GetSystemClockFreq) for RCC_GetSystemClockFreq
    stm32f0xx_ll_rcc.o(i.LL_RCC_GetSystemClocksFreq) refers to stm32f0xx_ll_rcc.o(i.RCC_GetSystemClockFreq) for RCC_GetSystemClockFreq
    stm32f0xx_ll_rcc.o(i.LL_RCC_GetSystemClocksFreq) refers to stm32f0xx_ll_rcc.o(i.RCC_GetHCLKClockFreq) for RCC_GetHCLKClockFreq
    stm32f0xx_ll_rcc.o(i.LL_RCC_GetSystemClocksFreq) refers to stm32f0xx_ll_rcc.o(i.RCC_GetPCLK1ClockFreq) for RCC_GetPCLK1ClockFreq
    stm32f0xx_ll_rcc.o(i.LL_RCC_GetUSARTClockFreq) refers to stm32f0xx_ll_rcc.o(i.RCC_GetSystemClockFreq) for RCC_GetSystemClockFreq
    stm32f0xx_ll_rcc.o(i.LL_RCC_GetUSARTClockFreq) refers to stm32f0xx_ll_rcc.o(i.RCC_GetHCLKClockFreq) for RCC_GetHCLKClockFreq
    stm32f0xx_ll_rcc.o(i.LL_RCC_GetUSARTClockFreq) refers to stm32f0xx_ll_rcc.o(i.RCC_GetPCLK1ClockFreq) for RCC_GetPCLK1ClockFreq
    stm32f0xx_ll_rcc.o(i.RCC_GetHCLKClockFreq) refers to system_stm32f0xx.o(.constdata) for AHBPrescTable
    stm32f0xx_ll_rcc.o(i.RCC_GetPCLK1ClockFreq) refers to system_stm32f0xx.o(.constdata) for APBPrescTable
    stm32f0xx_ll_rcc.o(i.RCC_GetSystemClockFreq) refers to stm32f0xx_ll_rcc.o(i.RCC_PLL_GetFreqDomain_SYS) for RCC_PLL_GetFreqDomain_SYS
    stm32f0xx_ll_rcc.o(i.RCC_PLL_GetFreqDomain_SYS) refers to uidiv.o(.text) for __aeabi_uidivmod
    stm32f0xx_ll_usart.o(i.LL_USART_Init) refers to stm32f0xx_ll_rcc.o(i.LL_RCC_GetUSARTClockFreq) for LL_RCC_GetUSARTClockFreq
    stm32f0xx_ll_usart.o(i.LL_USART_Init) refers to stm32f0xx_ll_rcc.o(i.LL_RCC_GetSystemClocksFreq) for LL_RCC_GetSystemClocksFreq
    stm32f0xx_ll_usart.o(i.LL_USART_Init) refers to uidiv.o(.text) for __aeabi_uidivmod
    stm32f0xx_ll_gpio.o(i.LL_GPIO_DeInit) refers to stm32f0xx_ll_gpio.o(i.LL_AHB1_GRP1_ForceReset) for LL_AHB1_GRP1_ForceReset
    stm32f0xx_ll_gpio.o(i.LL_GPIO_DeInit) refers to stm32f0xx_ll_gpio.o(i.LL_AHB1_GRP1_ReleaseReset) for LL_AHB1_GRP1_ReleaseReset
    stm32f0xx_ll_utils.o(i.LL_Init1msTick) refers to uidiv.o(.text) for __aeabi_uidivmod
    stm32f0xx_ll_utils.o(i.LL_PLL_ConfigSystemClock_HSE) refers to stm32f0xx_ll_utils.o(i.UTILS_PLL_IsBusy) for UTILS_PLL_IsBusy
    stm32f0xx_ll_utils.o(i.LL_PLL_ConfigSystemClock_HSE) refers to stm32f0xx_ll_utils.o(i.UTILS_GetPLLOutputFrequency) for UTILS_GetPLLOutputFrequency
    stm32f0xx_ll_utils.o(i.LL_PLL_ConfigSystemClock_HSE) refers to stm32f0xx_ll_utils.o(i.LL_RCC_PLL_ConfigDomain_SYS) for LL_RCC_PLL_ConfigDomain_SYS
    stm32f0xx_ll_utils.o(i.LL_PLL_ConfigSystemClock_HSE) refers to stm32f0xx_ll_utils.o(i.UTILS_EnablePLLAndSwitchSystem) for UTILS_EnablePLLAndSwitchSystem
    stm32f0xx_ll_utils.o(i.LL_PLL_ConfigSystemClock_HSI) refers to stm32f0xx_ll_utils.o(i.UTILS_PLL_IsBusy) for UTILS_PLL_IsBusy
    stm32f0xx_ll_utils.o(i.LL_PLL_ConfigSystemClock_HSI) refers to stm32f0xx_ll_utils.o(i.UTILS_GetPLLOutputFrequency) for UTILS_GetPLLOutputFrequency
    stm32f0xx_ll_utils.o(i.LL_PLL_ConfigSystemClock_HSI) refers to stm32f0xx_ll_utils.o(i.LL_RCC_PLL_ConfigDomain_SYS) for LL_RCC_PLL_ConfigDomain_SYS
    stm32f0xx_ll_utils.o(i.LL_PLL_ConfigSystemClock_HSI) refers to stm32f0xx_ll_utils.o(i.UTILS_EnablePLLAndSwitchSystem) for UTILS_EnablePLLAndSwitchSystem
    stm32f0xx_ll_utils.o(i.LL_SetSystemCoreClock) refers to system_stm32f0xx.o(.data) for SystemCoreClock
    stm32f0xx_ll_utils.o(i.UTILS_EnablePLLAndSwitchSystem) refers to stm32f0xx_ll_utils.o(i.UTILS_SetFlashLatency) for UTILS_SetFlashLatency
    stm32f0xx_ll_utils.o(i.UTILS_EnablePLLAndSwitchSystem) refers to system_stm32f0xx.o(.constdata) for AHBPrescTable
    stm32f0xx_ll_utils.o(i.UTILS_EnablePLLAndSwitchSystem) refers to system_stm32f0xx.o(.data) for SystemCoreClock
    stm32f0xx_ll_utils.o(i.UTILS_GetPLLOutputFrequency) refers to uidiv.o(.text) for __aeabi_uidivmod
    entry.o(.ARM.Collect$$$$00000000) refers (Special) to entry10a.o(.ARM.Collect$$$$0000000D) for __rt_final_cpp
    entry.o(.ARM.Collect$$$$00000000) refers (Special) to entry11a.o(.ARM.Collect$$$$0000000F) for __rt_final_exit
    entry.o(.ARM.Collect$$$$00000000) refers (Special) to entry7b.o(.ARM.Collect$$$$00000008) for _main_clock
    entry.o(.ARM.Collect$$$$00000000) refers (Special) to entry8b.o(.ARM.Collect$$$$0000000A) for _main_cpp_init
    entry.o(.ARM.Collect$$$$00000000) refers (Special) to entry9a.o(.ARM.Collect$$$$0000000B) for _main_init
    entry.o(.ARM.Collect$$$$00000000) refers (Special) to entry5.o(.ARM.Collect$$$$00000004) for _main_scatterload
    entry.o(.ARM.Collect$$$$00000000) refers (Special) to entry2.o(.ARM.Collect$$$$00000001) for _main_stk
    idiv.o(.text) refers to uidiv.o(.text) for __aeabi_uidivmod
    printfb.o(i.__0fprintf$bare) refers to printfb.o(i._printf_core) for _printf_core
    printfb.o(i.__0fprintf$bare) refers to main.o(i.fputc) for fputc
    printfb.o(i.__0printf$bare) refers to printfb.o(i._printf_core) for _printf_core
    printfb.o(i.__0printf$bare) refers to main.o(i.fputc) for fputc
    printfb.o(i.__0printf$bare) refers to stdout.o(.data) for __stdout
    printfb.o(i.__0snprintf$bare) refers to printfb.o(i._printf_core) for _printf_core
    printfb.o(i.__0snprintf$bare) refers to printfb.o(i._snputc) for _snputc
    printfb.o(i.__0sprintf$bare) refers to printfb.o(i._printf_core) for _printf_core
    printfb.o(i.__0sprintf$bare) refers to printfb.o(i._sputc) for _sputc
    printfb.o(i.__0vfprintf$bare) refers to printfb.o(i._printf_core) for _printf_core
    printfb.o(i.__0vfprintf$bare) refers to main.o(i.fputc) for fputc
    printfb.o(i.__0vprintf$bare) refers to printfb.o(i._printf_core) for _printf_core
    printfb.o(i.__0vprintf$bare) refers to main.o(i.fputc) for fputc
    printfb.o(i.__0vprintf$bare) refers to stdout.o(.data) for __stdout
    printfb.o(i.__0vsnprintf$bare) refers to printfb.o(i._printf_core) for _printf_core
    printfb.o(i.__0vsnprintf$bare) refers to printfb.o(i._snputc) for _snputc
    printfb.o(i.__0vsprintf$bare) refers to printfb.o(i._printf_core) for _printf_core
    printfb.o(i.__0vsprintf$bare) refers to printfb.o(i._sputc) for _sputc
    printf0.o(i.__0fprintf$0) refers to printf0.o(i._printf_core) for _printf_core
    printf0.o(i.__0fprintf$0) refers to main.o(i.fputc) for fputc
    printf0.o(i.__0printf$0) refers to printf0.o(i._printf_core) for _printf_core
    printf0.o(i.__0printf$0) refers to main.o(i.fputc) for fputc
    printf0.o(i.__0printf$0) refers to stdout.o(.data) for __stdout
    printf0.o(i.__0snprintf$0) refers to printf0.o(i._printf_core) for _printf_core
    printf0.o(i.__0snprintf$0) refers to printf0.o(i._snputc) for _snputc
    printf0.o(i.__0sprintf$0) refers to printf0.o(i._printf_core) for _printf_core
    printf0.o(i.__0sprintf$0) refers to printf0.o(i._sputc) for _sputc
    printf0.o(i.__0vfprintf$0) refers to printf0.o(i._printf_core) for _printf_core
    printf0.o(i.__0vfprintf$0) refers to main.o(i.fputc) for fputc
    printf0.o(i.__0vprintf$0) refers to printf0.o(i._printf_core) for _printf_core
    printf0.o(i.__0vprintf$0) refers to main.o(i.fputc) for fputc
    printf0.o(i.__0vprintf$0) refers to stdout.o(.data) for __stdout
    printf0.o(i.__0vsnprintf$0) refers to printf0.o(i._printf_core) for _printf_core
    printf0.o(i.__0vsnprintf$0) refers to printf0.o(i._snputc) for _snputc
    printf0.o(i.__0vsprintf$0) refers to printf0.o(i._printf_core) for _printf_core
    printf0.o(i.__0vsprintf$0) refers to printf0.o(i._sputc) for _sputc
    printf1.o(i.__0fprintf$1) refers to printf1.o(i._printf_core) for _printf_core
    printf1.o(i.__0fprintf$1) refers to main.o(i.fputc) for fputc
    printf1.o(i.__0printf$1) refers to printf1.o(i._printf_core) for _printf_core
    printf1.o(i.__0printf$1) refers to main.o(i.fputc) for fputc
    printf1.o(i.__0printf$1) refers to stdout.o(.data) for __stdout
    printf1.o(i.__0snprintf$1) refers to printf1.o(i._printf_core) for _printf_core
    printf1.o(i.__0snprintf$1) refers to printf1.o(i._snputc) for _snputc
    printf1.o(i.__0sprintf$1) refers to printf1.o(i._printf_core) for _printf_core
    printf1.o(i.__0sprintf$1) refers to printf1.o(i._sputc) for _sputc
    printf1.o(i.__0vfprintf$1) refers to printf1.o(i._printf_core) for _printf_core
    printf1.o(i.__0vfprintf$1) refers to main.o(i.fputc) for fputc
    printf1.o(i.__0vprintf$1) refers to printf1.o(i._printf_core) for _printf_core
    printf1.o(i.__0vprintf$1) refers to main.o(i.fputc) for fputc
    printf1.o(i.__0vprintf$1) refers to stdout.o(.data) for __stdout
    printf1.o(i.__0vsnprintf$1) refers to printf1.o(i._printf_core) for _printf_core
    printf1.o(i.__0vsnprintf$1) refers to printf1.o(i._snputc) for _snputc
    printf1.o(i.__0vsprintf$1) refers to printf1.o(i._printf_core) for _printf_core
    printf1.o(i.__0vsprintf$1) refers to printf1.o(i._sputc) for _sputc
    printf1.o(i._printf_core) refers to uidiv.o(.text) for __aeabi_uidivmod
    printf2.o(i.__0fprintf$2) refers to printf2.o(i._printf_core) for _printf_core
    printf2.o(i.__0fprintf$2) refers to main.o(i.fputc) for fputc
    printf2.o(i.__0printf$2) refers to printf2.o(i._printf_core) for _printf_core
    printf2.o(i.__0printf$2) refers to main.o(i.fputc) for fputc
    printf2.o(i.__0printf$2) refers to stdout.o(.data) for __stdout
    printf2.o(i.__0snprintf$2) refers to printf2.o(i._printf_core) for _printf_core
    printf2.o(i.__0snprintf$2) refers to printf2.o(i._snputc) for _snputc
    printf2.o(i.__0sprintf$2) refers to printf2.o(i._printf_core) for _printf_core
    printf2.o(i.__0sprintf$2) refers to printf2.o(i._sputc) for _sputc
    printf2.o(i.__0vfprintf$2) refers to printf2.o(i._printf_core) for _printf_core
    printf2.o(i.__0vfprintf$2) refers to main.o(i.fputc) for fputc
    printf2.o(i.__0vprintf$2) refers to printf2.o(i._printf_core) for _printf_core
    printf2.o(i.__0vprintf$2) refers to main.o(i.fputc) for fputc
    printf2.o(i.__0vprintf$2) refers to stdout.o(.data) for __stdout
    printf2.o(i.__0vsnprintf$2) refers to printf2.o(i._printf_core) for _printf_core
    printf2.o(i.__0vsnprintf$2) refers to printf2.o(i._snputc) for _snputc
    printf2.o(i.__0vsprintf$2) refers to printf2.o(i._printf_core) for _printf_core
    printf2.o(i.__0vsprintf$2) refers to printf2.o(i._sputc) for _sputc
    printf3.o(i.__0fprintf$3) refers to printf3.o(i._printf_core) for _printf_core
    printf3.o(i.__0fprintf$3) refers to main.o(i.fputc) for fputc
    printf3.o(i.__0printf$3) refers to printf3.o(i._printf_core) for _printf_core
    printf3.o(i.__0printf$3) refers to main.o(i.fputc) for fputc
    printf3.o(i.__0printf$3) refers to stdout.o(.data) for __stdout
    printf3.o(i.__0snprintf$3) refers to printf3.o(i._printf_core) for _printf_core
    printf3.o(i.__0snprintf$3) refers to printf3.o(i._snputc) for _snputc
    printf3.o(i.__0sprintf$3) refers to printf3.o(i._printf_core) for _printf_core
    printf3.o(i.__0sprintf$3) refers to printf3.o(i._sputc) for _sputc
    printf3.o(i.__0vfprintf$3) refers to printf3.o(i._printf_core) for _printf_core
    printf3.o(i.__0vfprintf$3) refers to main.o(i.fputc) for fputc
    printf3.o(i.__0vprintf$3) refers to printf3.o(i._printf_core) for _printf_core
    printf3.o(i.__0vprintf$3) refers to main.o(i.fputc) for fputc
    printf3.o(i.__0vprintf$3) refers to stdout.o(.data) for __stdout
    printf3.o(i.__0vsnprintf$3) refers to printf3.o(i._printf_core) for _printf_core
    printf3.o(i.__0vsnprintf$3) refers to printf3.o(i._snputc) for _snputc
    printf3.o(i.__0vsprintf$3) refers to printf3.o(i._printf_core) for _printf_core
    printf3.o(i.__0vsprintf$3) refers to printf3.o(i._sputc) for _sputc
    printf3.o(i._printf_core) refers to uidiv.o(.text) for __aeabi_uidivmod
    printf4.o(i.__0fprintf$4) refers to printf4.o(i._printf_core) for _printf_core
    printf4.o(i.__0fprintf$4) refers to main.o(i.fputc) for fputc
    printf4.o(i.__0printf$4) refers to printf4.o(i._printf_core) for _printf_core
    printf4.o(i.__0printf$4) refers to main.o(i.fputc) for fputc
    printf4.o(i.__0printf$4) refers to stdout.o(.data) for __stdout
    printf4.o(i.__0snprintf$4) refers to printf4.o(i._printf_core) for _printf_core
    printf4.o(i.__0snprintf$4) refers to printf4.o(i._snputc) for _snputc
    printf4.o(i.__0sprintf$4) refers to printf4.o(i._printf_core) for _printf_core
    printf4.o(i.__0sprintf$4) refers to printf4.o(i._sputc) for _sputc
    printf4.o(i.__0vfprintf$4) refers to printf4.o(i._printf_core) for _printf_core
    printf4.o(i.__0vfprintf$4) refers to main.o(i.fputc) for fputc
    printf4.o(i.__0vprintf$4) refers to printf4.o(i._printf_core) for _printf_core
    printf4.o(i.__0vprintf$4) refers to main.o(i.fputc) for fputc
    printf4.o(i.__0vprintf$4) refers to stdout.o(.data) for __stdout
    printf4.o(i.__0vsnprintf$4) refers to printf4.o(i._printf_core) for _printf_core
    printf4.o(i.__0vsnprintf$4) refers to printf4.o(i._snputc) for _snputc
    printf4.o(i.__0vsprintf$4) refers to printf4.o(i._printf_core) for _printf_core
    printf4.o(i.__0vsprintf$4) refers to printf4.o(i._sputc) for _sputc
    printf4.o(i._printf_core) refers to uldiv.o(.text) for __aeabi_uldivmod
    printf5.o(i.__0fprintf$5) refers to printf5.o(i._printf_core) for _printf_core
    printf5.o(i.__0fprintf$5) refers to main.o(i.fputc) for fputc
    printf5.o(i.__0printf$5) refers to printf5.o(i._printf_core) for _printf_core
    printf5.o(i.__0printf$5) refers to main.o(i.fputc) for fputc
    printf5.o(i.__0printf$5) refers to stdout.o(.data) for __stdout
    printf5.o(i.__0snprintf$5) refers to printf5.o(i._printf_core) for _printf_core
    printf5.o(i.__0snprintf$5) refers to printf5.o(i._snputc) for _snputc
    printf5.o(i.__0sprintf$5) refers to printf5.o(i._printf_core) for _printf_core
    printf5.o(i.__0sprintf$5) refers to printf5.o(i._sputc) for _sputc
    printf5.o(i.__0vfprintf$5) refers to printf5.o(i._printf_core) for _printf_core
    printf5.o(i.__0vfprintf$5) refers to main.o(i.fputc) for fputc
    printf5.o(i.__0vprintf$5) refers to printf5.o(i._printf_core) for _printf_core
    printf5.o(i.__0vprintf$5) refers to main.o(i.fputc) for fputc
    printf5.o(i.__0vprintf$5) refers to stdout.o(.data) for __stdout
    printf5.o(i.__0vsnprintf$5) refers to printf5.o(i._printf_core) for _printf_core
    printf5.o(i.__0vsnprintf$5) refers to printf5.o(i._snputc) for _snputc
    printf5.o(i.__0vsprintf$5) refers to printf5.o(i._printf_core) for _printf_core
    printf5.o(i.__0vsprintf$5) refers to printf5.o(i._sputc) for _sputc
    printf5.o(i._printf_core) refers to uldiv.o(.text) for __aeabi_uldivmod
    printf6.o(i.__0fprintf$6) refers to printf6.o(i._printf_core) for _printf_core
    printf6.o(i.__0fprintf$6) refers to main.o(i.fputc) for fputc
    printf6.o(i.__0printf$6) refers to printf6.o(i._printf_core) for _printf_core
    printf6.o(i.__0printf$6) refers to main.o(i.fputc) for fputc
    printf6.o(i.__0printf$6) refers to stdout.o(.data) for __stdout
    printf6.o(i.__0snprintf$6) refers to printf6.o(i._printf_core) for _printf_core
    printf6.o(i.__0snprintf$6) refers to printf6.o(i._snputc) for _snputc
    printf6.o(i.__0sprintf$6) refers to printf6.o(i._printf_core) for _printf_core
    printf6.o(i.__0sprintf$6) refers to printf6.o(i._sputc) for _sputc
    printf6.o(i.__0vfprintf$6) refers to printf6.o(i._printf_core) for _printf_core
    printf6.o(i.__0vfprintf$6) refers to main.o(i.fputc) for fputc
    printf6.o(i.__0vprintf$6) refers to printf6.o(i._printf_core) for _printf_core
    printf6.o(i.__0vprintf$6) refers to main.o(i.fputc) for fputc
    printf6.o(i.__0vprintf$6) refers to stdout.o(.data) for __stdout
    printf6.o(i.__0vsnprintf$6) refers to printf6.o(i._printf_core) for _printf_core
    printf6.o(i.__0vsnprintf$6) refers to printf6.o(i._snputc) for _snputc
    printf6.o(i.__0vsprintf$6) refers to printf6.o(i._printf_core) for _printf_core
    printf6.o(i.__0vsprintf$6) refers to printf6.o(i._sputc) for _sputc
    printf6.o(i._printf_core) refers to printf6.o(i._printf_pre_padding) for _printf_pre_padding
    printf6.o(i._printf_core) refers to printf6.o(i._printf_post_padding) for _printf_post_padding
    printf6.o(i._printf_core) refers to uidiv.o(.text) for __aeabi_uidivmod
    printf7.o(i.__0fprintf$7) refers to printf7.o(i._printf_core) for _printf_core
    printf7.o(i.__0fprintf$7) refers to main.o(i.fputc) for fputc
    printf7.o(i.__0printf$7) refers to printf7.o(i._printf_core) for _printf_core
    printf7.o(i.__0printf$7) refers to main.o(i.fputc) for fputc
    printf7.o(i.__0printf$7) refers to stdout.o(.data) for __stdout
    printf7.o(i.__0snprintf$7) refers to printf7.o(i._printf_core) for _printf_core
    printf7.o(i.__0snprintf$7) refers to printf7.o(i._snputc) for _snputc
    printf7.o(i.__0sprintf$7) refers to printf7.o(i._printf_core) for _printf_core
    printf7.o(i.__0sprintf$7) refers to printf7.o(i._sputc) for _sputc
    printf7.o(i.__0vfprintf$7) refers to printf7.o(i._printf_core) for _printf_core
    printf7.o(i.__0vfprintf$7) refers to main.o(i.fputc) for fputc
    printf7.o(i.__0vprintf$7) refers to printf7.o(i._printf_core) for _printf_core
    printf7.o(i.__0vprintf$7) refers to main.o(i.fputc) for fputc
    printf7.o(i.__0vprintf$7) refers to stdout.o(.data) for __stdout
    printf7.o(i.__0vsnprintf$7) refers to printf7.o(i._printf_core) for _printf_core
    printf7.o(i.__0vsnprintf$7) refers to printf7.o(i._snputc) for _snputc
    printf7.o(i.__0vsprintf$7) refers to printf7.o(i._printf_core) for _printf_core
    printf7.o(i.__0vsprintf$7) refers to printf7.o(i._sputc) for _sputc
    printf7.o(i._printf_core) refers to printf7.o(i._printf_pre_padding) for _printf_pre_padding
    printf7.o(i._printf_core) refers to printf7.o(i._printf_post_padding) for _printf_post_padding
    printf7.o(i._printf_core) refers to uldiv.o(.text) for __aeabi_uldivmod
    printf8.o(i.__0fprintf$8) refers to printf8.o(i._printf_core) for _printf_core
    printf8.o(i.__0fprintf$8) refers to main.o(i.fputc) for fputc
    printf8.o(i.__0printf$8) refers to printf8.o(i._printf_core) for _printf_core
    printf8.o(i.__0printf$8) refers to main.o(i.fputc) for fputc
    printf8.o(i.__0printf$8) refers to stdout.o(.data) for __stdout
    printf8.o(i.__0snprintf$8) refers to printf8.o(i._printf_core) for _printf_core
    printf8.o(i.__0snprintf$8) refers to printf8.o(i._snputc) for _snputc
    printf8.o(i.__0sprintf$8) refers to printf8.o(i._printf_core) for _printf_core
    printf8.o(i.__0sprintf$8) refers to printf8.o(i._sputc) for _sputc
    printf8.o(i.__0vfprintf$8) refers to printf8.o(i._printf_core) for _printf_core
    printf8.o(i.__0vfprintf$8) refers to main.o(i.fputc) for fputc
    printf8.o(i.__0vprintf$8) refers to printf8.o(i._printf_core) for _printf_core
    printf8.o(i.__0vprintf$8) refers to main.o(i.fputc) for fputc
    printf8.o(i.__0vprintf$8) refers to stdout.o(.data) for __stdout
    printf8.o(i.__0vsnprintf$8) refers to printf8.o(i._printf_core) for _printf_core
    printf8.o(i.__0vsnprintf$8) refers to printf8.o(i._snputc) for _snputc
    printf8.o(i.__0vsprintf$8) refers to printf8.o(i._printf_core) for _printf_core
    printf8.o(i.__0vsprintf$8) refers to printf8.o(i._sputc) for _sputc
    printf8.o(i._printf_core) refers to printf8.o(i._printf_pre_padding) for _printf_pre_padding
    printf8.o(i._printf_core) refers to printf8.o(i._printf_post_padding) for _printf_post_padding
    printf8.o(i._printf_core) refers to uldiv.o(.text) for __aeabi_uldivmod
    printfa.o(i.__0fprintf) refers (Special) to iusefp.o(.text) for __I$use$fp
    printfa.o(i.__0fprintf) refers to printfa.o(i._printf_core) for _printf_core
    printfa.o(i.__0fprintf) refers to main.o(i.fputc) for fputc
    printfa.o(i.__0printf) refers (Special) to iusefp.o(.text) for __I$use$fp
    printfa.o(i.__0printf) refers to printfa.o(i._printf_core) for _printf_core
    printfa.o(i.__0printf) refers to main.o(i.fputc) for fputc
    printfa.o(i.__0printf) refers to stdout.o(.data) for __stdout
    printfa.o(i.__0snprintf) refers (Special) to iusefp.o(.text) for __I$use$fp
    printfa.o(i.__0snprintf) refers to printfa.o(i._printf_core) for _printf_core
    printfa.o(i.__0snprintf) refers to printfa.o(i._snputc) for _snputc
    printfa.o(i.__0sprintf) refers (Special) to iusefp.o(.text) for __I$use$fp
    printfa.o(i.__0sprintf) refers to printfa.o(i._printf_core) for _printf_core
    printfa.o(i.__0sprintf) refers to printfa.o(i._sputc) for _sputc
    printfa.o(i.__0vfprintf) refers (Special) to iusefp.o(.text) for __I$use$fp
    printfa.o(i.__0vfprintf) refers to printfa.o(i._printf_core) for _printf_core
    printfa.o(i.__0vfprintf) refers to main.o(i.fputc) for fputc
    printfa.o(i.__0vprintf) refers (Special) to iusefp.o(.text) for __I$use$fp
    printfa.o(i.__0vprintf) refers to printfa.o(i._printf_core) for _printf_core
    printfa.o(i.__0vprintf) refers to main.o(i.fputc) for fputc
    printfa.o(i.__0vprintf) refers to stdout.o(.data) for __stdout
    printfa.o(i.__0vsnprintf) refers (Special) to iusefp.o(.text) for __I$use$fp
    printfa.o(i.__0vsnprintf) refers to printfa.o(i._printf_core) for _printf_core
    printfa.o(i.__0vsnprintf) refers to printfa.o(i._snputc) for _snputc
    printfa.o(i.__0vsprintf) refers (Special) to iusefp.o(.text) for __I$use$fp
    printfa.o(i.__0vsprintf) refers to printfa.o(i._printf_core) for _printf_core
    printfa.o(i.__0vsprintf) refers to printfa.o(i._sputc) for _sputc
    printfa.o(i._fp_digits) refers (Special) to iusefp.o(.text) for __I$use$fp
    printfa.o(i._fp_digits) refers to dmul.o(.text) for __aeabi_dmul
    printfa.o(i._fp_digits) refers to ddiv.o(.text) for __aeabi_ddiv
    printfa.o(i._fp_digits) refers to cdrcmple.o(.text) for __aeabi_cdrcmple
    printfa.o(i._fp_digits) refers to dadd.o(.text) for __aeabi_dadd
    printfa.o(i._fp_digits) refers to dfixul.o(.text) for __aeabi_d2ulz
    printfa.o(i._fp_digits) refers to uldiv.o(.text) for __aeabi_uldivmod
    printfa.o(i._printf_core) refers (Special) to iusefp.o(.text) for __I$use$fp
    printfa.o(i._printf_core) refers to printfa.o(i._printf_pre_padding) for _printf_pre_padding
    printfa.o(i._printf_core) refers to uldiv.o(.text) for __aeabi_uldivmod
    printfa.o(i._printf_core) refers to printfa.o(i._printf_post_padding) for _printf_post_padding
    printfa.o(i._printf_core) refers to printfa.o(i._fp_digits) for _fp_digits
    printfa.o(i._printf_core) refers to uidiv.o(.text) for __aeabi_uidivmod
    printfa.o(i._printf_post_padding) refers (Special) to iusefp.o(.text) for __I$use$fp
    printfa.o(i._printf_pre_padding) refers (Special) to iusefp.o(.text) for __I$use$fp
    printfa.o(i._snputc) refers (Special) to iusefp.o(.text) for __I$use$fp
    printfa.o(i._sputc) refers (Special) to iusefp.o(.text) for __I$use$fp
    __0scanf.o(.text) refers to scanf_char_file.o(.text) for __vfscanf_char_file
    __0scanf.o(.text) refers to stdin.o(.data) for __stdin
    _scanf_int.o(.text) refers to _chval.o(.text) for _chval
    fmul.o(.text) refers (Special) to iusefp.o(.text) for __I$use$fp
    fflti.o(.text) refers (Special) to iusefp.o(.text) for __I$use$fp
    fflti.o(.text) refers to fepilogue.o(.text) for _float_epilogue
    ffixi.o(.text) refers (Special) to iusefp.o(.text) for __I$use$fp
    entry2.o(.ARM.Collect$$$$00000001) refers to entry2.o(.ARM.Collect$$$$00002712) for __lit__00000000
    entry2.o(.ARM.Collect$$$$00002712) refers to startup_stm32f030x8.o(STACK) for __initial_sp
    entry2.o(__vectab_stack_and_reset_area) refers to startup_stm32f030x8.o(STACK) for __initial_sp
    entry2.o(__vectab_stack_and_reset_area) refers to entry.o(.ARM.Collect$$$$00000000) for __main
    entry5.o(.ARM.Collect$$$$00000004) refers to init.o(.text) for __scatterload
    entry9a.o(.ARM.Collect$$$$0000000B) refers to main.o(i.main) for main
    entry9b.o(.ARM.Collect$$$$0000000C) refers to main.o(i.main) for main
    uldiv.o(.text) refers to llushr.o(.text) for __aeabi_llsr
    uldiv.o(.text) refers to llshl.o(.text) for __aeabi_llsl
    scanf_char_file.o(.text) refers to scanf_char.o(.text) for __vfscanf_char
    scanf_char_file.o(.text) refers to main.o(i.fgetc) for fgetc
    scanf_char_file.o(.text) refers to fgetc_b.o(.text) for __backspace
    dadd.o(.text) refers to llshl.o(.text) for __aeabi_llsl
    dadd.o(.text) refers to llsshr.o(.text) for __aeabi_lasr
    dadd.o(.text) refers to depilogue.o(.text) for _double_epilogue
    dmul.o(.text) refers to depilogue.o(.text) for _double_epilogue
    ddiv.o(.text) refers to depilogue.o(.text) for _double_round
    dfixul.o(.text) refers to llushr.o(.text) for __aeabi_llsr
    dfixul.o(.text) refers to llshl.o(.text) for __aeabi_llsl
    init.o(.text) refers to entry5.o(.ARM.Collect$$$$00000004) for __main_after_scatterload
    fgetc_b.o(.text) refers (Special) to iusesemig.o(.text) for __I$use$semihosting$fgetc
    fgetc_b.o(.text) refers (Special) to semi.o(.text) for __semihosting_library_function
    fgetc_b.o(.text) refers to fgetc_b.o(.data) for .data
    fgetc_b.o(.data) refers (Special) to iusesemig.o(.text) for __I$use$semihosting$fgetc
    fgetc_b.o(.data) refers (Special) to semi.o(.text) for __semihosting_library_function
    scanf_char.o(.text) refers to _scanf.o(.text) for __vfscanf
    scanf_char.o(.text) refers to isspace_c.o(.text) for isspace
    depilogue.o(.text) refers to depilogue.o(i.__ARM_clz) for __ARM_clz
    depilogue.o(.text) refers to llshl.o(.text) for __aeabi_llsl
    depilogue.o(.text) refers to llushr.o(.text) for __aeabi_llsr
    isspace_c.o(.text) refers to ctype_c.o(.text) for __ctype_lookup
    _scanf.o(.text) refers (Weak) to _scanf_int.o(.text) for _scanf_int
    _scanf.o(.text) refers (Weak) to _scanf_str.o(.text) for _scanf_string
    ctype_c.o(.text) refers to ctype_c.o(.constdata) for .constdata


==============================================================================

Removing Unused input sections from the image.

    Removing startup_stm32f030x8.o(HEAP), (512 bytes).
    Removing stm32f0xx_it.o(.rev16_text), (4 bytes).
    Removing stm32f0xx_it.o(.revsh_text), (4 bytes).
    Removing main.o(.rev16_text), (4 bytes).
    Removing main.o(.revsh_text), (4 bytes).
    Removing main.o(i.FlashReadHalfWord), (4 bytes).
    Removing main.o(i._Error_Handler), (2 bytes).
    Removing system_stm32f0xx.o(.rev16_text), (4 bytes).
    Removing system_stm32f0xx.o(.revsh_text), (4 bytes).
    Removing system_stm32f0xx.o(i.SystemCoreClockUpdate), (108 bytes).
    Removing stm32f0xx_ll_tim.o(.rev16_text), (4 bytes).
    Removing stm32f0xx_ll_tim.o(.revsh_text), (4 bytes).
    Removing stm32f0xx_ll_tim.o(i.LL_APB1_GRP2_ForceReset), (16 bytes).
    Removing stm32f0xx_ll_tim.o(i.LL_APB1_GRP2_ReleaseReset), (16 bytes).
    Removing stm32f0xx_ll_tim.o(i.LL_TIM_BDTR_Init), (74 bytes).
    Removing stm32f0xx_ll_tim.o(i.LL_TIM_BDTR_StructInit), (18 bytes).
    Removing stm32f0xx_ll_tim.o(i.LL_TIM_DeInit), (156 bytes).
    Removing stm32f0xx_ll_tim.o(i.LL_TIM_ENCODER_Init), (96 bytes).
    Removing stm32f0xx_ll_tim.o(i.LL_TIM_ENCODER_StructInit), (28 bytes).
    Removing stm32f0xx_ll_tim.o(i.LL_TIM_HALLSENSOR_Init), (88 bytes).
    Removing stm32f0xx_ll_tim.o(i.LL_TIM_HALLSENSOR_StructInit), (12 bytes).
    Removing stm32f0xx_ll_tim.o(i.LL_TIM_IC_Init), (216 bytes).
    Removing stm32f0xx_ll_tim.o(i.LL_TIM_IC_StructInit), (14 bytes).
    Removing stm32f0xx_ll_tim.o(i.LL_TIM_OC_StructInit), (20 bytes).
    Removing stm32f0xx_ll_tim.o(i.LL_TIM_StructInit), (16 bytes).
    Removing stm32f0xx_ll_pwr.o(.rev16_text), (4 bytes).
    Removing stm32f0xx_ll_pwr.o(.revsh_text), (4 bytes).
    Removing stm32f0xx_ll_pwr.o(i.LL_PWR_DeInit), (28 bytes).
    Removing stm32f0xx_ll_spi.o(.rev16_text), (4 bytes).
    Removing stm32f0xx_ll_spi.o(.revsh_text), (4 bytes).
    Removing stm32f0xx_ll_spi.o(i.LL_SPI_DeInit), (68 bytes).
    Removing stm32f0xx_ll_spi.o(i.LL_SPI_StructInit), (30 bytes).
    Removing stm32f0xx_ll_dma.o(.rev16_text), (4 bytes).
    Removing stm32f0xx_ll_dma.o(.revsh_text), (4 bytes).
    Removing stm32f0xx_ll_dma.o(i.LL_DMA_DeInit), (124 bytes).
    Removing stm32f0xx_ll_dma.o(i.LL_DMA_Init), (92 bytes).
    Removing stm32f0xx_ll_dma.o(i.LL_DMA_StructInit), (24 bytes).
    Removing stm32f0xx_ll_dma.o(.constdata), (5 bytes).
    Removing stm32f0xx_ll_rcc.o(.rev16_text), (4 bytes).
    Removing stm32f0xx_ll_rcc.o(.revsh_text), (4 bytes).
    Removing stm32f0xx_ll_rcc.o(i.LL_RCC_DeInit), (100 bytes).
    Removing stm32f0xx_ll_rcc.o(i.LL_RCC_GetI2CClockFreq), (48 bytes).
    Removing stm32f0xx_ll_usart.o(.rev16_text), (4 bytes).
    Removing stm32f0xx_ll_usart.o(.revsh_text), (4 bytes).
    Removing stm32f0xx_ll_usart.o(i.LL_USART_ClockInit), (60 bytes).
    Removing stm32f0xx_ll_usart.o(i.LL_USART_ClockStructInit), (12 bytes).
    Removing stm32f0xx_ll_usart.o(i.LL_USART_DeInit), (68 bytes).
    Removing stm32f0xx_ll_usart.o(i.LL_USART_StructInit), (24 bytes).
    Removing stm32f0xx_ll_exti.o(.rev16_text), (4 bytes).
    Removing stm32f0xx_ll_exti.o(.revsh_text), (4 bytes).
    Removing stm32f0xx_ll_exti.o(i.LL_EXTI_DeInit), (36 bytes).
    Removing stm32f0xx_ll_exti.o(i.LL_EXTI_StructInit), (14 bytes).
    Removing stm32f0xx_ll_gpio.o(.rev16_text), (4 bytes).
    Removing stm32f0xx_ll_gpio.o(.revsh_text), (4 bytes).
    Removing stm32f0xx_ll_gpio.o(i.LL_AHB1_GRP1_ForceReset), (16 bytes).
    Removing stm32f0xx_ll_gpio.o(i.LL_AHB1_GRP1_ReleaseReset), (16 bytes).
    Removing stm32f0xx_ll_gpio.o(i.LL_GPIO_DeInit), (96 bytes).
    Removing stm32f0xx_ll_gpio.o(i.LL_GPIO_StructInit), (24 bytes).
    Removing stm32f0xx_ll_utils.o(.rev16_text), (4 bytes).
    Removing stm32f0xx_ll_utils.o(.revsh_text), (4 bytes).
    Removing stm32f0xx_ll_utils.o(i.LL_PLL_ConfigSystemClock_HSE), (104 bytes).
    Removing stm32f0xx_ll_utils.o(i.LL_PLL_ConfigSystemClock_HSI), (84 bytes).
    Removing stm32f0xx_ll_utils.o(i.LL_RCC_PLL_ConfigDomain_SYS), (44 bytes).
    Removing stm32f0xx_ll_utils.o(i.UTILS_EnablePLLAndSwitchSystem), (152 bytes).
    Removing stm32f0xx_ll_utils.o(i.UTILS_GetPLLOutputFrequency), (24 bytes).
    Removing stm32f0xx_ll_utils.o(i.UTILS_PLL_IsBusy), (20 bytes).
    Removing stm32f0xx_ll_utils.o(i.UTILS_SetFlashLatency), (52 bytes).
    Removing dadd.o(.text), (356 bytes).
    Removing dmul.o(.text), (208 bytes).
    Removing ddiv.o(.text), (240 bytes).
    Removing dfixul.o(.text), (64 bytes).
    Removing cdrcmple.o(.text), (40 bytes).
    Removing depilogue.o(.text), (190 bytes).
    Removing depilogue.o(i.__ARM_clz), (46 bytes).

74 unused section(s) (total 4001 bytes) removed from the image.

==============================================================================

Image Symbol Table

    Local Symbols

    Symbol Name                              Value     Ov Type        Size  Object(Section)

    ..//Src/system_stm32f0xx.c               0x00000000   Number         0  system_stm32f0xx.o ABSOLUTE
    ../Drivers/STM32F0xx_HAL_Driver/Src/stm32f0xx_ll_dma.c 0x00000000   Number         0  stm32f0xx_ll_dma.o ABSOLUTE
    ../Drivers/STM32F0xx_HAL_Driver/Src/stm32f0xx_ll_exti.c 0x00000000   Number         0  stm32f0xx_ll_exti.o ABSOLUTE
    ../Drivers/STM32F0xx_HAL_Driver/Src/stm32f0xx_ll_gpio.c 0x00000000   Number         0  stm32f0xx_ll_gpio.o ABSOLUTE
    ../Drivers/STM32F0xx_HAL_Driver/Src/stm32f0xx_ll_pwr.c 0x00000000   Number         0  stm32f0xx_ll_pwr.o ABSOLUTE
    ../Drivers/STM32F0xx_HAL_Driver/Src/stm32f0xx_ll_rcc.c 0x00000000   Number         0  stm32f0xx_ll_rcc.o ABSOLUTE
    ../Drivers/STM32F0xx_HAL_Driver/Src/stm32f0xx_ll_spi.c 0x00000000   Number         0  stm32f0xx_ll_spi.o ABSOLUTE
    ../Drivers/STM32F0xx_HAL_Driver/Src/stm32f0xx_ll_tim.c 0x00000000   Number         0  stm32f0xx_ll_tim.o ABSOLUTE
    ../Drivers/STM32F0xx_HAL_Driver/Src/stm32f0xx_ll_usart.c 0x00000000   Number         0  stm32f0xx_ll_usart.o ABSOLUTE
    ../Drivers/STM32F0xx_HAL_Driver/Src/stm32f0xx_ll_utils.c 0x00000000   Number         0  stm32f0xx_ll_utils.o ABSOLUTE
    ../Src/main.c                            0x00000000   Number         0  main.o ABSOLUTE
    ../Src/stm32f0xx_it.c                    0x00000000   Number         0  stm32f0xx_it.o ABSOLUTE
    ../clib/microlib/ctype/ctype.c           0x00000000   Number         0  ctype_c.o ABSOLUTE
    ../clib/microlib/ctype/ctype.c           0x00000000   Number         0  isspace_c.o ABSOLUTE
    ../clib/microlib/division.c              0x00000000   Number         0  idiv.o ABSOLUTE
    ../clib/microlib/division.c              0x00000000   Number         0  uldiv.o ABSOLUTE
    ../clib/microlib/division.c              0x00000000   Number         0  uidiv.o ABSOLUTE
    ../clib/microlib/init/entry.s            0x00000000   Number         0  entry5.o ABSOLUTE
    ../clib/microlib/init/entry.s            0x00000000   Number         0  entry7a.o ABSOLUTE
    ../clib/microlib/init/entry.s            0x00000000   Number         0  entry7b.o ABSOLUTE
    ../clib/microlib/init/entry.s            0x00000000   Number         0  entry8a.o ABSOLUTE
    ../clib/microlib/init/entry.s            0x00000000   Number         0  entry8b.o ABSOLUTE
    ../clib/microlib/init/entry.s            0x00000000   Number         0  entry9a.o ABSOLUTE
    ../clib/microlib/init/entry.s            0x00000000   Number         0  entry9b.o ABSOLUTE
    ../clib/microlib/init/entry.s            0x00000000   Number         0  entry10b.o ABSOLUTE
    ../clib/microlib/init/entry.s            0x00000000   Number         0  entry10a.o ABSOLUTE
    ../clib/microlib/init/entry.s            0x00000000   Number         0  entry11a.o ABSOLUTE
    ../clib/microlib/init/entry.s            0x00000000   Number         0  entry.o ABSOLUTE
    ../clib/microlib/init/entry.s            0x00000000   Number         0  entry2.o ABSOLUTE
    ../clib/microlib/init/entry.s            0x00000000   Number         0  entry11b.o ABSOLUTE
    ../clib/microlib/longlong.c              0x00000000   Number         0  llshl.o ABSOLUTE
    ../clib/microlib/longlong.c              0x00000000   Number         0  llsshr.o ABSOLUTE
    ../clib/microlib/longlong.c              0x00000000   Number         0  llushr.o ABSOLUTE
    ../clib/microlib/printf/printf.c         0x00000000   Number         0  printf0.o ABSOLUTE
    ../clib/microlib/printf/printf.c         0x00000000   Number         0  printf6.o ABSOLUTE
    ../clib/microlib/printf/printf.c         0x00000000   Number         0  printf1.o ABSOLUTE
    ../clib/microlib/printf/printf.c         0x00000000   Number         0  printf3.o ABSOLUTE
    ../clib/microlib/printf/printf.c         0x00000000   Number         0  printf8.o ABSOLUTE
    ../clib/microlib/printf/printf.c         0x00000000   Number         0  printf4.o ABSOLUTE
    ../clib/microlib/printf/printf.c         0x00000000   Number         0  printf5.o ABSOLUTE
    ../clib/microlib/printf/printf.c         0x00000000   Number         0  printf7.o ABSOLUTE
    ../clib/microlib/printf/printf.c         0x00000000   Number         0  printf2.o ABSOLUTE
    ../clib/microlib/printf/printf.c         0x00000000   Number         0  printfb.o ABSOLUTE
    ../clib/microlib/printf/printf.c         0x00000000   Number         0  printfa.o ABSOLUTE
    ../clib/microlib/printf/stubs.s          0x00000000   Number         0  stubs.o ABSOLUTE
    ../clib/microlib/stdio/fgetc.c           0x00000000   Number         0  fgetc_b.o ABSOLUTE
    ../clib/microlib/stdio/semi.s            0x00000000   Number         0  semi.o ABSOLUTE
    ../clib/microlib/stdio/streams.c         0x00000000   Number         0  stdin.o ABSOLUTE
    ../clib/microlib/stdio/streams.c         0x00000000   Number         0  stdout.o ABSOLUTE
    ../clib/microlib/string/memset.c         0x00000000   Number         0  memseta.o ABSOLUTE
    ../clib/microlib/stubs.s                 0x00000000   Number         0  iusefp.o ABSOLUTE
    ../clib/microlib/stubs.s                 0x00000000   Number         0  iusesemig.o ABSOLUTE
    ../clib/scanf.c                          0x00000000   Number         0  __0scanf.o ABSOLUTE
    ../clib/scanf.c                          0x00000000   Number         0  _scanf_int.o ABSOLUTE
    ../clib/scanf.c                          0x00000000   Number         0  scanf_char.o ABSOLUTE
    ../clib/scanf.c                          0x00000000   Number         0  _scanf_str.o ABSOLUTE
    ../clib/scanf.c                          0x00000000   Number         0  _chval.o ABSOLUTE
    ../clib/scanf.c                          0x00000000   Number         0  scanf_char_file.o ABSOLUTE
    ../clib/scanf.c                          0x00000000   Number         0  _scanf.o ABSOLUTE
    ../fplib/microlib/fpadd.c                0x00000000   Number         0  dadd.o ABSOLUTE
    ../fplib/microlib/fpdiv.c                0x00000000   Number         0  ddiv.o ABSOLUTE
    ../fplib/microlib/fpepilogue.c           0x00000000   Number         0  fepilogue.o ABSOLUTE
    ../fplib/microlib/fpepilogue.c           0x00000000   Number         0  depilogue.o ABSOLUTE
    ../fplib/microlib/fpfix.c                0x00000000   Number         0  dfixul.o ABSOLUTE
    ../fplib/microlib/fpfix.c                0x00000000   Number         0  ffixi.o ABSOLUTE
    ../fplib/microlib/fpflt.c                0x00000000   Number         0  fflti.o ABSOLUTE
    ../fplib/microlib/fpmul.c                0x00000000   Number         0  dmul.o ABSOLUTE
    ../fplib/microlib/fpmul.c                0x00000000   Number         0  fmul.o ABSOLUTE
    ..\Drivers\STM32F0xx_HAL_Driver\Src\stm32f0xx_ll_dma.c 0x00000000   Number         0  stm32f0xx_ll_dma.o ABSOLUTE
    ..\Drivers\STM32F0xx_HAL_Driver\Src\stm32f0xx_ll_exti.c 0x00000000   Number         0  stm32f0xx_ll_exti.o ABSOLUTE
    ..\Drivers\STM32F0xx_HAL_Driver\Src\stm32f0xx_ll_gpio.c 0x00000000   Number         0  stm32f0xx_ll_gpio.o ABSOLUTE
    ..\Drivers\STM32F0xx_HAL_Driver\Src\stm32f0xx_ll_pwr.c 0x00000000   Number         0  stm32f0xx_ll_pwr.o ABSOLUTE
    ..\Drivers\STM32F0xx_HAL_Driver\Src\stm32f0xx_ll_rcc.c 0x00000000   Number         0  stm32f0xx_ll_rcc.o ABSOLUTE
    ..\Drivers\STM32F0xx_HAL_Driver\Src\stm32f0xx_ll_spi.c 0x00000000   Number         0  stm32f0xx_ll_spi.o ABSOLUTE
    ..\Drivers\STM32F0xx_HAL_Driver\Src\stm32f0xx_ll_tim.c 0x00000000   Number         0  stm32f0xx_ll_tim.o ABSOLUTE
    ..\Drivers\STM32F0xx_HAL_Driver\Src\stm32f0xx_ll_usart.c 0x00000000   Number         0  stm32f0xx_ll_usart.o ABSOLUTE
    ..\Drivers\STM32F0xx_HAL_Driver\Src\stm32f0xx_ll_utils.c 0x00000000   Number         0  stm32f0xx_ll_utils.o ABSOLUTE
    ..\Src\main.c                            0x00000000   Number         0  main.o ABSOLUTE
    ..\Src\stm32f0xx_it.c                    0x00000000   Number         0  stm32f0xx_it.o ABSOLUTE
    ..\\Src\system_stm32f0xx.c               0x00000000   Number         0  system_stm32f0xx.o ABSOLUTE
    cdrcmple.s                               0x00000000   Number         0  cdrcmple.o ABSOLUTE
    dc.s                                     0x00000000   Number         0  dc.o ABSOLUTE
    handlers.s                               0x00000000   Number         0  handlers.o ABSOLUTE
    init.s                                   0x00000000   Number         0  init.o ABSOLUTE
    startup_stm32f030x8.s                    0x00000000   Number         0  startup_stm32f030x8.o ABSOLUTE
    RESET                                    0x08000000   Section      180  startup_stm32f030x8.o(RESET)
    .ARM.Collect$$$$00000000                 0x080000b4   Section        0  entry.o(.ARM.Collect$$$$00000000)
    .ARM.Collect$$$$00000001                 0x080000b4   Section        4  entry2.o(.ARM.Collect$$$$00000001)
    .ARM.Collect$$$$00000004                 0x080000b8   Section        4  entry5.o(.ARM.Collect$$$$00000004)
    .ARM.Collect$$$$00000008                 0x080000bc   Section        0  entry7b.o(.ARM.Collect$$$$00000008)
    .ARM.Collect$$$$0000000A                 0x080000bc   Section        0  entry8b.o(.ARM.Collect$$$$0000000A)
    .ARM.Collect$$$$0000000B                 0x080000bc   Section        8  entry9a.o(.ARM.Collect$$$$0000000B)
    .ARM.Collect$$$$0000000D                 0x080000c4   Section        0  entry10a.o(.ARM.Collect$$$$0000000D)
    .ARM.Collect$$$$0000000F                 0x080000c4   Section        0  entry11a.o(.ARM.Collect$$$$0000000F)
    .ARM.Collect$$$$00002712                 0x080000c4   Section        4  entry2.o(.ARM.Collect$$$$00002712)
    __lit__00000000                          0x080000c4   Data           4  entry2.o(.ARM.Collect$$$$00002712)
    .text                                    0x080000c8   Section       28  startup_stm32f030x8.o(.text)
    .text                                    0x080000e4   Section        0  uidiv.o(.text)
    .text                                    0x08000110   Section        0  idiv.o(.text)
    .text                                    0x08000138   Section        0  memseta.o(.text)
    .text                                    0x0800015c   Section        0  __0scanf.o(.text)
    .text                                    0x0800017c   Section        0  _scanf_int.o(.text)
    .text                                    0x080002c6   Section        0  _scanf_str.o(.text)
    .text                                    0x080003ae   Section        0  fmul.o(.text)
    .text                                    0x08000428   Section        0  fflti.o(.text)
    .text                                    0x0800043e   Section        0  ffixi.o(.text)
    .text                                    0x08000470   Section        0  _chval.o(.text)
    .text                                    0x08000490   Section        0  scanf_char_file.o(.text)
    .text                                    0x080004a8   Section        0  iusefp.o(.text)
    .text                                    0x080004a8   Section        0  fepilogue.o(.text)
    .text                                    0x0800052c   Section       36  init.o(.text)
    .text                                    0x08000550   Section        0  fgetc_b.o(.text)
    .text                                    0x0800057c   Section        0  scanf_char.o(.text)
    _scanf_char_input                        0x0800057d   Thumb Code    12  scanf_char.o(.text)
    .text                                    0x080005a8   Section        0  semi.o(.text)
    .text                                    0x080005a8   Section        0  isspace_c.o(.text)
    .text                                    0x080005b8   Section        0  _scanf.o(.text)
    .text                                    0x080008f0   Section        0  iusesemig.o(.text)
    .text                                    0x080008f0   Section        0  ctype_c.o(.text)
    i.CalibrateEncoder                       0x08000914   Section        0  main.o(i.CalibrateEncoder)
    i.EXTI0_1_IRQHandler                     0x08000c00   Section        0  stm32f0xx_it.o(i.EXTI0_1_IRQHandler)
    i.EXTI2_3_IRQHandler                     0x08000c44   Section        0  stm32f0xx_it.o(i.EXTI2_3_IRQHandler)
    i.FlashErase32K                          0x08000c88   Section        0  main.o(i.FlashErase32K)
    i.FlashErasePage                         0x08000dcc   Section        0  main.o(i.FlashErasePage)
    i.FlashGetStatus                         0x08000e0c   Section        0  main.o(i.FlashGetStatus)
    i.FlashLock                              0x08000e30   Section        0  main.o(i.FlashLock)
    i.FlashUnlock                            0x08000e40   Section        0  main.o(i.FlashUnlock)
    i.FlashWaitDone                          0x08000e58   Section        0  main.o(i.FlashWaitDone)
    i.FlashWriteHalfWord                     0x08000e7c   Section        0  main.o(i.FlashWriteHalfWord)
    i.HardFault_Handler                      0x08000eb0   Section        0  stm32f0xx_it.o(i.HardFault_Handler)
    i.LL_AHB1_GRP1_EnableClock               0x08000eb4   Section        0  main.o(i.LL_AHB1_GRP1_EnableClock)
    LL_AHB1_GRP1_EnableClock                 0x08000eb5   Thumb Code    18  main.o(i.LL_AHB1_GRP1_EnableClock)
    i.LL_APB1_GRP1_EnableClock               0x08000ecc   Section        0  main.o(i.LL_APB1_GRP1_EnableClock)
    LL_APB1_GRP1_EnableClock                 0x08000ecd   Thumb Code    18  main.o(i.LL_APB1_GRP1_EnableClock)
    i.LL_APB1_GRP2_EnableClock               0x08000ee4   Section        0  main.o(i.LL_APB1_GRP2_EnableClock)
    LL_APB1_GRP2_EnableClock                 0x08000ee5   Thumb Code    18  main.o(i.LL_APB1_GRP2_EnableClock)
    i.LL_EXTI_Init                           0x08000efc   Section        0  stm32f0xx_ll_exti.o(i.LL_EXTI_Init)
    i.LL_EXTI_IsActiveFlag_0_31              0x08000f9c   Section        0  stm32f0xx_it.o(i.LL_EXTI_IsActiveFlag_0_31)
    LL_EXTI_IsActiveFlag_0_31                0x08000f9d   Thumb Code    16  stm32f0xx_it.o(i.LL_EXTI_IsActiveFlag_0_31)
    i.LL_GPIO_Init                           0x08000fb0   Section        0  stm32f0xx_ll_gpio.o(i.LL_GPIO_Init)
    i.LL_GPIO_IsInputPinSet                  0x08001058   Section        0  stm32f0xx_it.o(i.LL_GPIO_IsInputPinSet)
    LL_GPIO_IsInputPinSet                    0x08001059   Thumb Code    14  stm32f0xx_it.o(i.LL_GPIO_IsInputPinSet)
    i.LL_GPIO_IsInputPinSet                  0x08001066   Section        0  main.o(i.LL_GPIO_IsInputPinSet)
    LL_GPIO_IsInputPinSet                    0x08001067   Thumb Code    14  main.o(i.LL_GPIO_IsInputPinSet)
    i.LL_GPIO_SetPinMode                     0x08001074   Section        0  main.o(i.LL_GPIO_SetPinMode)
    LL_GPIO_SetPinMode                       0x08001075   Thumb Code    20  main.o(i.LL_GPIO_SetPinMode)
    i.LL_GPIO_SetPinPull                     0x08001088   Section        0  main.o(i.LL_GPIO_SetPinPull)
    LL_GPIO_SetPinPull                       0x08001089   Thumb Code    20  main.o(i.LL_GPIO_SetPinPull)
    i.LL_Init1msTick                         0x0800109c   Section        0  stm32f0xx_ll_utils.o(i.LL_Init1msTick)
    i.LL_RCC_GetSystemClocksFreq             0x080010bc   Section        0  stm32f0xx_ll_rcc.o(i.LL_RCC_GetSystemClocksFreq)
    i.LL_RCC_GetUSARTClockFreq               0x080010d4   Section        0  stm32f0xx_ll_rcc.o(i.LL_RCC_GetUSARTClockFreq)
    i.LL_SPI_Init                            0x08001128   Section        0  stm32f0xx_ll_spi.o(i.LL_SPI_Init)
    i.LL_SYSCFG_SetEXTISource                0x0800118c   Section        0  main.o(i.LL_SYSCFG_SetEXTISource)
    LL_SYSCFG_SetEXTISource                  0x0800118d   Thumb Code    28  main.o(i.LL_SYSCFG_SetEXTISource)
    i.LL_SetSystemCoreClock                  0x080011ac   Section        0  stm32f0xx_ll_utils.o(i.LL_SetSystemCoreClock)
    i.LL_TIM_Init                            0x080011b8   Section        0  stm32f0xx_ll_tim.o(i.LL_TIM_Init)
    i.LL_TIM_OC_DisableFast                  0x0800123c   Section        0  main.o(i.LL_TIM_OC_DisableFast)
    LL_TIM_OC_DisableFast                    0x0800123d   Thumb Code    82  main.o(i.LL_TIM_OC_DisableFast)
    i.LL_TIM_OC_EnablePreload                0x08001294   Section        0  main.o(i.LL_TIM_OC_EnablePreload)
    LL_TIM_OC_EnablePreload                  0x08001295   Thumb Code    82  main.o(i.LL_TIM_OC_EnablePreload)
    i.LL_TIM_OC_Init                         0x080012ec   Section        0  stm32f0xx_ll_tim.o(i.LL_TIM_OC_Init)
    i.LL_USART_Init                          0x08001330   Section        0  stm32f0xx_ll_usart.o(i.LL_USART_Init)
    i.LL_mDelay                              0x080013dc   Section        0  stm32f0xx_ll_utils.o(i.LL_mDelay)
    i.MX_GPIO_Init                           0x080013fc   Section        0  main.o(i.MX_GPIO_Init)
    MX_GPIO_Init                             0x080013fd   Thumb Code   360  main.o(i.MX_GPIO_Init)
    i.MX_SPI1_Init                           0x0800156c   Section        0  main.o(i.MX_SPI1_Init)
    MX_SPI1_Init                             0x0800156d   Thumb Code   146  main.o(i.MX_SPI1_Init)
    i.MX_TIM1_Init                           0x08001604   Section        0  main.o(i.MX_TIM1_Init)
    MX_TIM1_Init                             0x08001605   Thumb Code   150  main.o(i.MX_TIM1_Init)
    i.MX_TIM3_Init                           0x080016a8   Section        0  main.o(i.MX_TIM3_Init)
    MX_TIM3_Init                             0x080016a9   Thumb Code   204  main.o(i.MX_TIM3_Init)
    i.MX_USART1_UART_Init                    0x08001780   Section        0  main.o(i.MX_USART1_UART_Init)
    MX_USART1_UART_Init                      0x08001781   Thumb Code   138  main.o(i.MX_USART1_UART_Init)
    i.Mod                                    0x08001810   Section        0  main.o(i.Mod)
    i.NMI_Handler                            0x08001824   Section        0  stm32f0xx_it.o(i.NMI_Handler)
    i.NVIC_SetPriority                       0x08001828   Section        0  main.o(i.NVIC_SetPriority)
    NVIC_SetPriority                         0x08001829   Thumb Code    60  main.o(i.NVIC_SetPriority)
    i.OC1Config                              0x0800186c   Section        0  stm32f0xx_ll_tim.o(i.OC1Config)
    OC1Config                                0x0800186d   Thumb Code   124  stm32f0xx_ll_tim.o(i.OC1Config)
    i.OC2Config                              0x080018f8   Section        0  stm32f0xx_ll_tim.o(i.OC2Config)
    OC2Config                                0x080018f9   Thumb Code   128  stm32f0xx_ll_tim.o(i.OC2Config)
    i.OC3Config                              0x08001988   Section        0  stm32f0xx_ll_tim.o(i.OC3Config)
    OC3Config                                0x08001989   Thumb Code   134  stm32f0xx_ll_tim.o(i.OC3Config)
    i.OC4Config                              0x08001a20   Section        0  stm32f0xx_ll_tim.o(i.OC4Config)
    OC4Config                                0x08001a21   Thumb Code    98  stm32f0xx_ll_tim.o(i.OC4Config)
    i.OneStep                                0x08001a94   Section        0  main.o(i.OneStep)
    i.Output                                 0x08001ad0   Section        0  main.o(i.Output)
    i.PendSV_Handler                         0x08001b68   Section        0  stm32f0xx_it.o(i.PendSV_Handler)
    i.RCC_GetHCLKClockFreq                   0x08001b6c   Section        0  stm32f0xx_ll_rcc.o(i.RCC_GetHCLKClockFreq)
    i.RCC_GetPCLK1ClockFreq                  0x08001b88   Section        0  stm32f0xx_ll_rcc.o(i.RCC_GetPCLK1ClockFreq)
    i.RCC_GetSystemClockFreq                 0x08001ba0   Section        0  stm32f0xx_ll_rcc.o(i.RCC_GetSystemClockFreq)
    i.RCC_PLL_GetFreqDomain_SYS              0x08001bc4   Section        0  stm32f0xx_ll_rcc.o(i.RCC_PLL_GetFreqDomain_SYS)
    i.ReadAngle                              0x08001c00   Section        0  main.o(i.ReadAngle)
    i.SVC_Handler                            0x08001c58   Section        0  stm32f0xx_it.o(i.SVC_Handler)
    i.SerialCheck                            0x08001c5c   Section        0  main.o(i.SerialCheck)
    i.SetModeCheck                           0x08001e3c   Section        0  main.o(i.SetModeCheck)
    i.SysTick_Handler                        0x08001f58   Section        0  stm32f0xx_it.o(i.SysTick_Handler)
    i.SystemClock_Config                     0x08001f5c   Section        0  main.o(i.SystemClock_Config)
    i.SystemInit                             0x0800202c   Section        0  system_stm32f0xx.o(i.SystemInit)
    i.TIM6_IRQHandler                        0x08002088   Section        0  stm32f0xx_it.o(i.TIM6_IRQHandler)
    i.UsDelay                                0x08002308   Section        0  main.o(i.UsDelay)
    i.__0printf$3                            0x0800231c   Section        0  printf3.o(i.__0printf$3)
    i.__scatterload_copy                     0x0800233c   Section       14  handlers.o(i.__scatterload_copy)
    i.__scatterload_null                     0x0800234a   Section        2  handlers.o(i.__scatterload_null)
    i.__scatterload_zeroinit                 0x0800234c   Section       14  handlers.o(i.__scatterload_zeroinit)
    i._printf_core                           0x0800235c   Section        0  printf3.o(i._printf_core)
    _printf_core                             0x0800235d   Thumb Code   456  printf3.o(i._printf_core)
    i.fgetc                                  0x08002528   Section        0  main.o(i.fgetc)
    i.fputc                                  0x08002544   Section        0  main.o(i.fputc)
    i.main                                   0x08002560   Section        0  main.o(i.main)
    .constdata                               0x08002628   Section     8208  main.o(.constdata)
    OFFSET_TAB_CCMRx                         0x08002628   Data           7  main.o(.constdata)
    SHIFT_TAB_OCxx                           0x0800262f   Data           7  main.o(.constdata)
    .constdata                               0x08004638   Section        1  main.o(.constdata)
    .constdata                               0x08004639   Section        1  main.o(.constdata)
    .constdata                               0x0800463a   Section       16  system_stm32f0xx.o(.constdata)
    .constdata                               0x0800464a   Section        8  system_stm32f0xx.o(.constdata)
    .constdata                               0x08004652   Section       64  ctype_c.o(.constdata)
    .data                                    0x20000000   Section       36  main.o(.data)
    .data                                    0x20000024   Section        4  main.o(.data)
    .data                                    0x20000028   Section        4  main.o(.data)
    .data                                    0x2000002c   Section        4  main.o(.data)
    .data                                    0x20000030   Section        4  main.o(.data)
    .data                                    0x20000034   Section        4  main.o(.data)
    .data                                    0x20000038   Section        4  main.o(.data)
    .data                                    0x2000003c   Section        4  main.o(.data)
    .data                                    0x20000040   Section        4  main.o(.data)
    .data                                    0x20000044   Section        4  main.o(.data)
    .data                                    0x20000048   Section        2  main.o(.data)
    .data                                    0x2000004c   Section        4  system_stm32f0xx.o(.data)
    .data                                    0x20000050   Section        4  stdin.o(.data)
    .data                                    0x20000054   Section        4  stdout.o(.data)
    .data                                    0x20000058   Section        3  fgetc_b.o(.data)
    ungetc_sp                                0x20000058   Data           1  fgetc_b.o(.data)
    ungetc_stack                             0x20000059   Data           2  fgetc_b.o(.data)
    STACK                                    0x20000060   Section     1024  startup_stm32f030x8.o(STACK)

    Global Symbols

    Symbol Name                              Value     Ov Type        Size  Object(Section)

    BuildAttributes$$THM_ISAv3M$S$PE$A:L22$X:L11$S22$IEEE1$IW$USESV6$~STKCKD$USESV7$~SHL$OTIME$ROPI$EBA8$MICROLIB$REQ8$PRES8$EABIv2 0x00000000   Number         0  anon$$obj.o ABSOLUTE
    __ARM_use_no_argv                        0x00000000   Number         0  main.o ABSOLUTE
    _printf_a                                0x00000000   Number         0  stubs.o ABSOLUTE
    _printf_c                                0x00000000   Number         0  stubs.o ABSOLUTE
    _printf_charcount                        0x00000000   Number         0  stubs.o ABSOLUTE
    _printf_d                                0x00000000   Number         0  stubs.o ABSOLUTE
    _printf_e                                0x00000000   Number         0  stubs.o ABSOLUTE
    _printf_f                                0x00000000   Number         0  stubs.o ABSOLUTE
    _printf_flags                            0x00000000   Number         0  stubs.o ABSOLUTE
    _printf_fp_dec                           0x00000000   Number         0  stubs.o ABSOLUTE
    _printf_fp_hex                           0x00000000   Number         0  stubs.o ABSOLUTE
    _printf_g                                0x00000000   Number         0  stubs.o ABSOLUTE
    _printf_i                                0x00000000   Number         0  stubs.o ABSOLUTE
    _printf_int_dec                          0x00000000   Number         0  stubs.o ABSOLUTE
    _printf_l                                0x00000000   Number         0  stubs.o ABSOLUTE
    _printf_lc                               0x00000000   Number         0  stubs.o ABSOLUTE
    _printf_ll                               0x00000000   Number         0  stubs.o ABSOLUTE
    _printf_lld                              0x00000000   Number         0  stubs.o ABSOLUTE
    _printf_lli                              0x00000000   Number         0  stubs.o ABSOLUTE
    _printf_llo                              0x00000000   Number         0  stubs.o ABSOLUTE
    _printf_llu                              0x00000000   Number         0  stubs.o ABSOLUTE
    _printf_llx                              0x00000000   Number         0  stubs.o ABSOLUTE
    _printf_longlong_dec                     0x00000000   Number         0  stubs.o ABSOLUTE
    _printf_longlong_hex                     0x00000000   Number         0  stubs.o ABSOLUTE
    _printf_longlong_oct                     0x00000000   Number         0  stubs.o ABSOLUTE
    _printf_ls                               0x00000000   Number         0  stubs.o ABSOLUTE
    _printf_mbtowc                           0x00000000   Number         0  stubs.o ABSOLUTE
    _printf_n                                0x00000000   Number         0  stubs.o ABSOLUTE
    _printf_o                                0x00000000   Number         0  stubs.o ABSOLUTE
    _printf_p                                0x00000000   Number         0  stubs.o ABSOLUTE
    _printf_percent                          0x00000000   Number         0  stubs.o ABSOLUTE
    _printf_pre_padding                      0x00000000   Number         0  stubs.o ABSOLUTE
    _printf_return_value                     0x00000000   Number         0  stubs.o ABSOLUTE
    _printf_s                                0x00000000   Number         0  stubs.o ABSOLUTE
    _printf_sizespec                         0x00000000   Number         0  stubs.o ABSOLUTE
    _printf_str                              0x00000000   Number         0  stubs.o ABSOLUTE
    _printf_truncate_signed                  0x00000000   Number         0  stubs.o ABSOLUTE
    _printf_truncate_unsigned                0x00000000   Number         0  stubs.o ABSOLUTE
    _printf_u                                0x00000000   Number         0  stubs.o ABSOLUTE
    _printf_wc                               0x00000000   Number         0  stubs.o ABSOLUTE
    _printf_wctomb                           0x00000000   Number         0  stubs.o ABSOLUTE
    _printf_widthprec                        0x00000000   Number         0  stubs.o ABSOLUTE
    _printf_x                                0x00000000   Number         0  stubs.o ABSOLUTE
    __cpp_initialize__aeabi_                  - Undefined Weak Reference
    __cxa_finalize                            - Undefined Weak Reference
    __decompress                              - Undefined Weak Reference
    _clock_init                               - Undefined Weak Reference
    _microlib_exit                            - Undefined Weak Reference
    _scanf_longlong                           - Undefined Weak Reference
    _scanf_real                               - Undefined Weak Reference
    __Vectors_Size                           0x000000b4   Number         0  startup_stm32f030x8.o ABSOLUTE
    __Vectors                                0x08000000   Data           4  startup_stm32f030x8.o(RESET)
    __Vectors_End                            0x080000b4   Data           0  startup_stm32f030x8.o(RESET)
    __main                                   0x080000b5   Thumb Code     0  entry.o(.ARM.Collect$$$$00000000)
    _main_stk                                0x080000b5   Thumb Code     0  entry2.o(.ARM.Collect$$$$00000001)
    _main_scatterload                        0x080000b9   Thumb Code     0  entry5.o(.ARM.Collect$$$$00000004)
    __main_after_scatterload                 0x080000bd   Thumb Code     0  entry5.o(.ARM.Collect$$$$00000004)
    _main_clock                              0x080000bd   Thumb Code     0  entry7b.o(.ARM.Collect$$$$00000008)
    _main_cpp_init                           0x080000bd   Thumb Code     0  entry8b.o(.ARM.Collect$$$$0000000A)
    _main_init                               0x080000bd   Thumb Code     0  entry9a.o(.ARM.Collect$$$$0000000B)
    __rt_final_cpp                           0x080000c5   Thumb Code     0  entry10a.o(.ARM.Collect$$$$0000000D)
    __rt_final_exit                          0x080000c5   Thumb Code     0  entry11a.o(.ARM.Collect$$$$0000000F)
    Reset_Handler                            0x080000c9   Thumb Code     8  startup_stm32f030x8.o(.text)
    ADC1_IRQHandler                          0x080000db   Thumb Code     0  startup_stm32f030x8.o(.text)
    DMA1_Channel1_IRQHandler                 0x080000db   Thumb Code     0  startup_stm32f030x8.o(.text)
    DMA1_Channel2_3_IRQHandler               0x080000db   Thumb Code     0  startup_stm32f030x8.o(.text)
    DMA1_Channel4_5_IRQHandler               0x080000db   Thumb Code     0  startup_stm32f030x8.o(.text)
    EXTI4_15_IRQHandler                      0x080000db   Thumb Code     0  startup_stm32f030x8.o(.text)
    FLASH_IRQHandler                         0x080000db   Thumb Code     0  startup_stm32f030x8.o(.text)
    I2C1_IRQHandler                          0x080000db   Thumb Code     0  startup_stm32f030x8.o(.text)
    I2C2_IRQHandler                          0x080000db   Thumb Code     0  startup_stm32f030x8.o(.text)
    RCC_IRQHandler                           0x080000db   Thumb Code     0  startup_stm32f030x8.o(.text)
    RTC_IRQHandler                           0x080000db   Thumb Code     0  startup_stm32f030x8.o(.text)
    SPI1_IRQHandler                          0x080000db   Thumb Code     0  startup_stm32f030x8.o(.text)
    SPI2_IRQHandler                          0x080000db   Thumb Code     0  startup_stm32f030x8.o(.text)
    TIM14_IRQHandler                         0x080000db   Thumb Code     0  startup_stm32f030x8.o(.text)
    TIM15_IRQHandler                         0x080000db   Thumb Code     0  startup_stm32f030x8.o(.text)
    TIM16_IRQHandler                         0x080000db   Thumb Code     0  startup_stm32f030x8.o(.text)
    TIM17_IRQHandler                         0x080000db   Thumb Code     0  startup_stm32f030x8.o(.text)
    TIM1_BRK_UP_TRG_COM_IRQHandler           0x080000db   Thumb Code     0  startup_stm32f030x8.o(.text)
    TIM1_CC_IRQHandler                       0x080000db   Thumb Code     0  startup_stm32f030x8.o(.text)
    TIM3_IRQHandler                          0x080000db   Thumb Code     0  startup_stm32f030x8.o(.text)
    USART1_IRQHandler                        0x080000db   Thumb Code     0  startup_stm32f030x8.o(.text)
    USART2_IRQHandler                        0x080000db   Thumb Code     0  startup_stm32f030x8.o(.text)
    WWDG_IRQHandler                          0x080000db   Thumb Code     0  startup_stm32f030x8.o(.text)
    __aeabi_uidiv                            0x080000e5   Thumb Code     0  uidiv.o(.text)
    __aeabi_uidivmod                         0x080000e5   Thumb Code    44  uidiv.o(.text)
    __aeabi_idiv                             0x08000111   Thumb Code     0  idiv.o(.text)
    __aeabi_idivmod                          0x08000111   Thumb Code    40  idiv.o(.text)
    __aeabi_memset                           0x08000139   Thumb Code    14  memseta.o(.text)
    __aeabi_memset4                          0x08000139   Thumb Code     0  memseta.o(.text)
    __aeabi_memset8                          0x08000139   Thumb Code     0  memseta.o(.text)
    __aeabi_memclr                           0x08000147   Thumb Code     4  memseta.o(.text)
    __aeabi_memclr4                          0x08000147   Thumb Code     0  memseta.o(.text)
    __aeabi_memclr8                          0x08000147   Thumb Code     0  memseta.o(.text)
    _memset$wrapper                          0x0800014b   Thumb Code    18  memseta.o(.text)
    __0scanf                                 0x0800015d   Thumb Code    28  __0scanf.o(.text)
    _scanf_int                               0x0800017d   Thumb Code   330  _scanf_int.o(.text)
    _scanf_string                            0x080002c7   Thumb Code   232  _scanf_str.o(.text)
    __aeabi_fmul                             0x080003af   Thumb Code   122  fmul.o(.text)
    __aeabi_i2f                              0x08000429   Thumb Code    22  fflti.o(.text)
    __aeabi_f2iz                             0x0800043f   Thumb Code    50  ffixi.o(.text)
    _chval                                   0x08000471   Thumb Code    30  _chval.o(.text)
    __vfscanf_char_file                      0x08000491   Thumb Code    16  scanf_char_file.o(.text)
    __I$use$fp                               0x080004a9   Thumb Code     0  iusefp.o(.text)
    _float_round                             0x080004a9   Thumb Code    16  fepilogue.o(.text)
    _float_epilogue                          0x080004b9   Thumb Code   114  fepilogue.o(.text)
    __scatterload                            0x0800052d   Thumb Code    28  init.o(.text)
    __scatterload_rt2                        0x0800052d   Thumb Code     0  init.o(.text)
    _fgetc$bs                                0x08000551   Thumb Code    30  fgetc_b.o(.text)
    __backspace                              0x0800056f   Thumb Code    10  fgetc_b.o(.text)
    __vfscanf_char                           0x08000589   Thumb Code    24  scanf_char.o(.text)
    __semihosting_library_function           0x080005a9   Thumb Code     0  semi.o(.text)
    isspace                                  0x080005a9   Thumb Code    14  isspace_c.o(.text)
    __vfscanf                                0x080005b9   Thumb Code   812  _scanf.o(.text)
    __I$use$semihosting$fgetc                0x080008f1   Thumb Code     0  iusesemig.o(.text)
    __ctype_lookup                           0x080008f1   Thumb Code    32  ctype_c.o(.text)
    CalibrateEncoder                         0x08000915   Thumb Code   728  main.o(i.CalibrateEncoder)
    EXTI0_1_IRQHandler                       0x08000c01   Thumb Code    54  stm32f0xx_it.o(i.EXTI0_1_IRQHandler)
    EXTI2_3_IRQHandler                       0x08000c45   Thumb Code    50  stm32f0xx_it.o(i.EXTI2_3_IRQHandler)
    FlashErase32K                            0x08000c89   Thumb Code   196  main.o(i.FlashErase32K)
    FlashErasePage                           0x08000dcd   Thumb Code    54  main.o(i.FlashErasePage)
    FlashGetStatus                           0x08000e0d   Thumb Code    32  main.o(i.FlashGetStatus)
    FlashLock                                0x08000e31   Thumb Code    12  main.o(i.FlashLock)
    FlashUnlock                              0x08000e41   Thumb Code    12  main.o(i.FlashUnlock)
    FlashWaitDone                            0x08000e59   Thumb Code    36  main.o(i.FlashWaitDone)
    FlashWriteHalfWord                       0x08000e7d   Thumb Code    48  main.o(i.FlashWriteHalfWord)
    HardFault_Handler                        0x08000eb1   Thumb Code     2  stm32f0xx_it.o(i.HardFault_Handler)
    LL_EXTI_Init                             0x08000efd   Thumb Code   156  stm32f0xx_ll_exti.o(i.LL_EXTI_Init)
    LL_GPIO_Init                             0x08000fb1   Thumb Code   168  stm32f0xx_ll_gpio.o(i.LL_GPIO_Init)
    LL_Init1msTick                           0x0800109d   Thumb Code    26  stm32f0xx_ll_utils.o(i.LL_Init1msTick)
    LL_RCC_GetSystemClocksFreq               0x080010bd   Thumb Code    24  stm32f0xx_ll_rcc.o(i.LL_RCC_GetSystemClocksFreq)
    LL_RCC_GetUSARTClockFreq                 0x080010d5   Thumb Code    76  stm32f0xx_ll_rcc.o(i.LL_RCC_GetUSARTClockFreq)
    LL_SPI_Init                              0x08001129   Thumb Code    92  stm32f0xx_ll_spi.o(i.LL_SPI_Init)
    LL_SetSystemCoreClock                    0x080011ad   Thumb Code     6  stm32f0xx_ll_utils.o(i.LL_SetSystemCoreClock)
    LL_TIM_Init                              0x080011b9   Thumb Code   108  stm32f0xx_ll_tim.o(i.LL_TIM_Init)
    LL_TIM_OC_Init                           0x080012ed   Thumb Code    68  stm32f0xx_ll_tim.o(i.LL_TIM_OC_Init)
    LL_USART_Init                            0x08001331   Thumb Code   156  stm32f0xx_ll_usart.o(i.LL_USART_Init)
    LL_mDelay                                0x080013dd   Thumb Code    28  stm32f0xx_ll_utils.o(i.LL_mDelay)
    Mod                                      0x08001811   Thumb Code    20  main.o(i.Mod)
    NMI_Handler                              0x08001825   Thumb Code     2  stm32f0xx_it.o(i.NMI_Handler)
    OneStep                                  0x08001a95   Thumb Code    52  main.o(i.OneStep)
    Output                                   0x08001ad1   Thumb Code   136  main.o(i.Output)
    PendSV_Handler                           0x08001b69   Thumb Code     2  stm32f0xx_it.o(i.PendSV_Handler)
    RCC_GetHCLKClockFreq                     0x08001b6d   Thumb Code    18  stm32f0xx_ll_rcc.o(i.RCC_GetHCLKClockFreq)
    RCC_GetPCLK1ClockFreq                    0x08001b89   Thumb Code    16  stm32f0xx_ll_rcc.o(i.RCC_GetPCLK1ClockFreq)
    RCC_GetSystemClockFreq                   0x08001ba1   Thumb Code    28  stm32f0xx_ll_rcc.o(i.RCC_GetSystemClockFreq)
    RCC_PLL_GetFreqDomain_SYS                0x08001bc5   Thumb Code    50  stm32f0xx_ll_rcc.o(i.RCC_PLL_GetFreqDomain_SYS)
    ReadAngle                                0x08001c01   Thumb Code    76  main.o(i.ReadAngle)
    SVC_Handler                              0x08001c59   Thumb Code     2  stm32f0xx_it.o(i.SVC_Handler)
    SerialCheck                              0x08001c5d   Thumb Code   180  main.o(i.SerialCheck)
    SetModeCheck                             0x08001e3d   Thumb Code   258  main.o(i.SetModeCheck)
    SysTick_Handler                          0x08001f59   Thumb Code     2  stm32f0xx_it.o(i.SysTick_Handler)
    SystemClock_Config                       0x08001f5d   Thumb Code   190  main.o(i.SystemClock_Config)
    SystemInit                               0x0800202d   Thumb Code    78  system_stm32f0xx.o(i.SystemInit)
    TIM6_IRQHandler                          0x08002089   Thumb Code   512  stm32f0xx_it.o(i.TIM6_IRQHandler)
    UsDelay                                  0x08002309   Thumb Code    20  main.o(i.UsDelay)
    __0printf$3                              0x0800231d   Thumb Code    24  printf3.o(i.__0printf$3)
    __1printf$3                              0x0800231d   Thumb Code     0  printf3.o(i.__0printf$3)
    __2printf                                0x0800231d   Thumb Code     0  printf3.o(i.__0printf$3)
    __scatterload_copy                       0x0800233d   Thumb Code    14  handlers.o(i.__scatterload_copy)
    __scatterload_null                       0x0800234b   Thumb Code     2  handlers.o(i.__scatterload_null)
    __scatterload_zeroinit                   0x0800234d   Thumb Code    14  handlers.o(i.__scatterload_zeroinit)
    fgetc                                    0x08002529   Thumb Code    24  main.o(i.fgetc)
    fputc                                    0x08002545   Thumb Code    24  main.o(i.fputc)
    main                                     0x08002561   Thumb Code   170  main.o(i.main)
    sin_1                                    0x08002636   Data        8194  main.o(.constdata)
    LPFA                                     0x08004638   Data           1  main.o(.constdata)
    LPFB                                     0x08004639   Data           1  main.o(.constdata)
    AHBPrescTable                            0x0800463a   Data          16  system_stm32f0xx.o(.constdata)
    APBPrescTable                            0x0800464a   Data           8  system_stm32f0xx.o(.constdata)
    __ctype_categories                       0x08004652   Data          64  ctype_c.o(.constdata)
    Region$$Table$$Base                      0x08004694   Number         0  anon$$obj.o(Region$$Table)
    Region$$Table$$Limit                     0x080046b4   Number         0  anon$$obj.o(Region$$Table)
    dir                                      0x20000000   Data           1  main.o(.data)
    stepangle                                0x20000001   Data           1  main.o(.data)
    enmode                                   0x20000002   Data           1  main.o(.data)
    closemode                                0x20000003   Data           1  main.o(.data)
    kp                                       0x20000004   Data           2  main.o(.data)
    ki                                       0x20000006   Data           2  main.o(.data)
    kd                                       0x20000008   Data           2  main.o(.data)
    y                                        0x2000000a   Data           2  main.o(.data)
    y_1                                      0x2000000c   Data           2  main.o(.data)
    s_sum                                    0x20000010   Data           4  main.o(.data)
    r                                        0x20000014   Data           4  main.o(.data)
    yw                                       0x20000018   Data           4  main.o(.data)
    yw_1                                     0x2000001c   Data           4  main.o(.data)
    stepnumber                               0x20000020   Data           4  main.o(.data)
    s                                        0x20000024   Data           4  main.o(.data)
    s_1                                      0x20000028   Data           4  main.o(.data)
    r_1                                      0x2000002c   Data           4  main.o(.data)
    advance                                  0x20000030   Data           4  main.o(.data)
    wrap_count                               0x20000034   Data           4  main.o(.data)
    e                                        0x20000038   Data           4  main.o(.data)
    iterm                                    0x2000003c   Data           4  main.o(.data)
    dterm                                    0x20000040   Data           4  main.o(.data)
    u                                        0x20000044   Data           4  main.o(.data)
    hccount                                  0x20000048   Data           2  main.o(.data)
    SystemCoreClock                          0x2000004c   Data           4  system_stm32f0xx.o(.data)
    __stdin                                  0x20000050   Data           4  stdin.o(.data)
    __stdout                                 0x20000054   Data           4  stdout.o(.data)
    __initial_sp                             0x20000460   Data           0  startup_stm32f030x8.o(STACK)



==============================================================================

Memory Map of the image

  Image Entry point : 0x080000b5

  Load Region LR_IROM1 (Base: 0x08000000, Size: 0x00004710, Max: 0x00010000, ABSOLUTE)

    Execution Region ER_IROM1 (Exec base: 0x08000000, Load base: 0x08000000, Size: 0x000046b4, Max: 0x00010000, ABSOLUTE)

    Exec Addr    Load Addr    Size         Type   Attr      Idx    E Section Name        Object

    0x08000000   0x08000000   0x000000b4   Data   RO            3    RESET               startup_stm32f030x8.o
    0x080000b4   0x080000b4   0x00000000   Code   RO          954  * .ARM.Collect$$$$00000000  mc_p.l(entry.o)
    0x080000b4   0x080000b4   0x00000004   Code   RO         1236    .ARM.Collect$$$$00000001  mc_p.l(entry2.o)
    0x080000b8   0x080000b8   0x00000004   Code   RO         1239    .ARM.Collect$$$$00000004  mc_p.l(entry5.o)
    0x080000bc   0x080000bc   0x00000000   Code   RO         1241    .ARM.Collect$$$$00000008  mc_p.l(entry7b.o)
    0x080000bc   0x080000bc   0x00000000   Code   RO         1243    .ARM.Collect$$$$0000000A  mc_p.l(entry8b.o)
    0x080000bc   0x080000bc   0x00000008   Code   RO         1244    .ARM.Collect$$$$0000000B  mc_p.l(entry9a.o)
    0x080000c4   0x080000c4   0x00000000   Code   RO         1246    .ARM.Collect$$$$0000000D  mc_p.l(entry10a.o)
    0x080000c4   0x080000c4   0x00000000   Code   RO         1248    .ARM.Collect$$$$0000000F  mc_p.l(entry11a.o)
    0x080000c4   0x080000c4   0x00000004   Code   RO         1237    .ARM.Collect$$$$00002712  mc_p.l(entry2.o)
    0x080000c8   0x080000c8   0x0000001c   Code   RO            4    .text               startup_stm32f030x8.o
    0x080000e4   0x080000e4   0x0000002c   Code   RO          957    .text               mc_p.l(uidiv.o)
    0x08000110   0x08000110   0x00000028   Code   RO          959    .text               mc_p.l(idiv.o)
    0x08000138   0x08000138   0x00000024   Code   RO          961    .text               mc_p.l(memseta.o)
    0x0800015c   0x0800015c   0x00000020   Code   RO         1224    .text               mc_p.l(__0scanf.o)
    0x0800017c   0x0800017c   0x0000014a   Code   RO         1226    .text               mc_p.l(_scanf_int.o)
    0x080002c6   0x080002c6   0x000000e8   Code   RO         1228    .text               mc_p.l(_scanf_str.o)
    0x080003ae   0x080003ae   0x0000007a   Code   RO         1230    .text               mf_p.l(fmul.o)
    0x08000428   0x08000428   0x00000016   Code   RO         1232    .text               mf_p.l(fflti.o)
    0x0800043e   0x0800043e   0x00000032   Code   RO         1234    .text               mf_p.l(ffixi.o)
    0x08000470   0x08000470   0x0000001e   Code   RO         1254    .text               mc_p.l(_chval.o)
    0x0800048e   0x0800048e   0x00000002   PAD
    0x08000490   0x08000490   0x00000018   Code   RO         1256    .text               mc_p.l(scanf_char_file.o)
    0x080004a8   0x080004a8   0x00000000   Code   RO         1258    .text               mc_p.l(iusefp.o)
    0x080004a8   0x080004a8   0x00000082   Code   RO         1259    .text               mf_p.l(fepilogue.o)
    0x0800052a   0x0800052a   0x00000002   PAD
    0x0800052c   0x0800052c   0x00000024   Code   RO         1271    .text               mc_p.l(init.o)
    0x08000550   0x08000550   0x0000002c   Code   RO         1273    .text               mc_p.l(fgetc_b.o)
    0x0800057c   0x0800057c   0x0000002c   Code   RO         1282    .text               mc_p.l(scanf_char.o)
    0x080005a8   0x080005a8   0x00000000   Code   RO         1288    .text               mc_p.l(semi.o)
    0x080005a8   0x080005a8   0x0000000e   Code   RO         1289    .text               mc_p.l(isspace_c.o)
    0x080005b6   0x080005b6   0x00000002   PAD
    0x080005b8   0x080005b8   0x00000338   Code   RO         1291    .text               mc_p.l(_scanf.o)
    0x080008f0   0x080008f0   0x00000000   Code   RO         1293    .text               mc_p.l(iusesemig.o)
    0x080008f0   0x080008f0   0x00000024   Code   RO         1294    .text               mc_p.l(ctype_c.o)
    0x08000914   0x08000914   0x000002ec   Code   RO          167    i.CalibrateEncoder  main.o
    0x08000c00   0x08000c00   0x00000044   Code   RO           12    i.EXTI0_1_IRQHandler  stm32f0xx_it.o
    0x08000c44   0x08000c44   0x00000044   Code   RO           13    i.EXTI2_3_IRQHandler  stm32f0xx_it.o
    0x08000c88   0x08000c88   0x00000144   Code   RO          168    i.FlashErase32K     main.o
    0x08000dcc   0x08000dcc   0x00000040   Code   RO          169    i.FlashErasePage    main.o
    0x08000e0c   0x08000e0c   0x00000024   Code   RO          170    i.FlashGetStatus    main.o
    0x08000e30   0x08000e30   0x00000010   Code   RO          171    i.FlashLock         main.o
    0x08000e40   0x08000e40   0x00000018   Code   RO          173    i.FlashUnlock       main.o
    0x08000e58   0x08000e58   0x00000024   Code   RO          174    i.FlashWaitDone     main.o
    0x08000e7c   0x08000e7c   0x00000034   Code   RO          175    i.FlashWriteHalfWord  main.o
    0x08000eb0   0x08000eb0   0x00000002   Code   RO           14    i.HardFault_Handler  stm32f0xx_it.o
    0x08000eb2   0x08000eb2   0x00000002   PAD
    0x08000eb4   0x08000eb4   0x00000018   Code   RO          176    i.LL_AHB1_GRP1_EnableClock  main.o
    0x08000ecc   0x08000ecc   0x00000018   Code   RO          177    i.LL_APB1_GRP1_EnableClock  main.o
    0x08000ee4   0x08000ee4   0x00000018   Code   RO          178    i.LL_APB1_GRP2_EnableClock  main.o
    0x08000efc   0x08000efc   0x000000a0   Code   RO          796    i.LL_EXTI_Init      stm32f0xx_ll_exti.o
    0x08000f9c   0x08000f9c   0x00000014   Code   RO           15    i.LL_EXTI_IsActiveFlag_0_31  stm32f0xx_it.o
    0x08000fb0   0x08000fb0   0x000000a8   Code   RO          833    i.LL_GPIO_Init      stm32f0xx_ll_gpio.o
    0x08001058   0x08001058   0x0000000e   Code   RO           16    i.LL_GPIO_IsInputPinSet  stm32f0xx_it.o
    0x08001066   0x08001066   0x0000000e   Code   RO          179    i.LL_GPIO_IsInputPinSet  main.o
    0x08001074   0x08001074   0x00000014   Code   RO          180    i.LL_GPIO_SetPinMode  main.o
    0x08001088   0x08001088   0x00000014   Code   RO          181    i.LL_GPIO_SetPinPull  main.o
    0x0800109c   0x0800109c   0x00000020   Code   RO          878    i.LL_Init1msTick    stm32f0xx_ll_utils.o
    0x080010bc   0x080010bc   0x00000018   Code   RO          687    i.LL_RCC_GetSystemClocksFreq  stm32f0xx_ll_rcc.o
    0x080010d4   0x080010d4   0x00000054   Code   RO          688    i.LL_RCC_GetUSARTClockFreq  stm32f0xx_ll_rcc.o
    0x08001128   0x08001128   0x00000064   Code   RO          614    i.LL_SPI_Init       stm32f0xx_ll_spi.o
    0x0800118c   0x0800118c   0x00000020   Code   RO          182    i.LL_SYSCFG_SetEXTISource  main.o
    0x080011ac   0x080011ac   0x0000000c   Code   RO          882    i.LL_SetSystemCoreClock  stm32f0xx_ll_utils.o
    0x080011b8   0x080011b8   0x00000084   Code   RO          473    i.LL_TIM_Init       stm32f0xx_ll_tim.o
    0x0800123c   0x0800123c   0x00000058   Code   RO          183    i.LL_TIM_OC_DisableFast  main.o
    0x08001294   0x08001294   0x00000058   Code   RO          184    i.LL_TIM_OC_EnablePreload  main.o
    0x080012ec   0x080012ec   0x00000044   Code   RO          474    i.LL_TIM_OC_Init    stm32f0xx_ll_tim.o
    0x08001330   0x08001330   0x000000ac   Code   RO          751    i.LL_USART_Init     stm32f0xx_ll_usart.o
    0x080013dc   0x080013dc   0x00000020   Code   RO          883    i.LL_mDelay         stm32f0xx_ll_utils.o
    0x080013fc   0x080013fc   0x00000170   Code   RO          185    i.MX_GPIO_Init      main.o
    0x0800156c   0x0800156c   0x00000098   Code   RO          186    i.MX_SPI1_Init      main.o
    0x08001604   0x08001604   0x000000a4   Code   RO          187    i.MX_TIM1_Init      main.o
    0x080016a8   0x080016a8   0x000000d8   Code   RO          188    i.MX_TIM3_Init      main.o
    0x08001780   0x08001780   0x00000090   Code   RO          189    i.MX_USART1_UART_Init  main.o
    0x08001810   0x08001810   0x00000014   Code   RO          190    i.Mod               main.o
    0x08001824   0x08001824   0x00000002   Code   RO           17    i.NMI_Handler       stm32f0xx_it.o
    0x08001826   0x08001826   0x00000002   PAD
    0x08001828   0x08001828   0x00000044   Code   RO          191    i.NVIC_SetPriority  main.o
    0x0800186c   0x0800186c   0x0000008c   Code   RO          477    i.OC1Config         stm32f0xx_ll_tim.o
    0x080018f8   0x080018f8   0x00000090   Code   RO          478    i.OC2Config         stm32f0xx_ll_tim.o
    0x08001988   0x08001988   0x00000098   Code   RO          479    i.OC3Config         stm32f0xx_ll_tim.o
    0x08001a20   0x08001a20   0x00000074   Code   RO          480    i.OC4Config         stm32f0xx_ll_tim.o
    0x08001a94   0x08001a94   0x0000003c   Code   RO          192    i.OneStep           main.o
    0x08001ad0   0x08001ad0   0x00000098   Code   RO          193    i.Output            main.o
    0x08001b68   0x08001b68   0x00000002   Code   RO           18    i.PendSV_Handler    stm32f0xx_it.o
    0x08001b6a   0x08001b6a   0x00000002   PAD
    0x08001b6c   0x08001b6c   0x0000001c   Code   RO          689    i.RCC_GetHCLKClockFreq  stm32f0xx_ll_rcc.o
    0x08001b88   0x08001b88   0x00000018   Code   RO          690    i.RCC_GetPCLK1ClockFreq  stm32f0xx_ll_rcc.o
    0x08001ba0   0x08001ba0   0x00000024   Code   RO          691    i.RCC_GetSystemClockFreq  stm32f0xx_ll_rcc.o
    0x08001bc4   0x08001bc4   0x0000003c   Code   RO          692    i.RCC_PLL_GetFreqDomain_SYS  stm32f0xx_ll_rcc.o
    0x08001c00   0x08001c00   0x00000058   Code   RO          194    i.ReadAngle         main.o
    0x08001c58   0x08001c58   0x00000002   Code   RO           19    i.SVC_Handler       stm32f0xx_it.o
    0x08001c5a   0x08001c5a   0x00000002   PAD
    0x08001c5c   0x08001c5c   0x000001e0   Code   RO          195    i.SerialCheck       main.o
    0x08001e3c   0x08001e3c   0x0000011c   Code   RO          196    i.SetModeCheck      main.o
    0x08001f58   0x08001f58   0x00000002   Code   RO           20    i.SysTick_Handler   stm32f0xx_it.o
    0x08001f5a   0x08001f5a   0x00000002   PAD
    0x08001f5c   0x08001f5c   0x000000d0   Code   RO          197    i.SystemClock_Config  main.o
    0x0800202c   0x0800202c   0x0000005c   Code   RO          429    i.SystemInit        system_stm32f0xx.o
    0x08002088   0x08002088   0x00000280   Code   RO           21    i.TIM6_IRQHandler   stm32f0xx_it.o
    0x08002308   0x08002308   0x00000014   Code   RO          198    i.UsDelay           main.o
    0x0800231c   0x0800231c   0x00000020   Code   RO         1052    i.__0printf$3       mc_p.l(printf3.o)
    0x0800233c   0x0800233c   0x0000000e   Code   RO         1299    i.__scatterload_copy  mc_p.l(handlers.o)
    0x0800234a   0x0800234a   0x00000002   Code   RO         1300    i.__scatterload_null  mc_p.l(handlers.o)
    0x0800234c   0x0800234c   0x0000000e   Code   RO         1301    i.__scatterload_zeroinit  mc_p.l(handlers.o)
    0x0800235a   0x0800235a   0x00000002   PAD
    0x0800235c   0x0800235c   0x000001cc   Code   RO         1059    i._printf_core      mc_p.l(printf3.o)
    0x08002528   0x08002528   0x0000001c   Code   RO          200    i.fgetc             main.o
    0x08002544   0x08002544   0x0000001c   Code   RO          201    i.fputc             main.o
    0x08002560   0x08002560   0x000000c8   Code   RO          202    i.main              main.o
    0x08002628   0x08002628   0x00002010   Data   RO          203    .constdata          main.o
    0x08004638   0x08004638   0x00000001   Data   RO          204    .constdata          main.o
    0x08004639   0x08004639   0x00000001   Data   RO          205    .constdata          main.o
    0x0800463a   0x0800463a   0x00000010   Data   RO          430    .constdata          system_stm32f0xx.o
    0x0800464a   0x0800464a   0x00000008   Data   RO          431    .constdata          system_stm32f0xx.o
    0x08004652   0x08004652   0x00000040   Data   RO         1295    .constdata          mc_p.l(ctype_c.o)
    0x08004692   0x08004692   0x00000002   PAD
    0x08004694   0x08004694   0x00000020   Data   RO         1297    Region$$Table       anon$$obj.o


    Execution Region RW_IRAM1 (Exec base: 0x20000000, Load base: 0x080046b4, Size: 0x00000460, Max: 0x00002000, ABSOLUTE)

    Exec Addr    Load Addr    Size         Type   Attr      Idx    E Section Name        Object

    0x20000000   0x080046b4   0x00000024   Data   RW          206    .data               main.o
    0x20000024   0x080046d8   0x00000004   Data   RW          207    .data               main.o
    0x20000028   0x080046dc   0x00000004   Data   RW          208    .data               main.o
    0x2000002c   0x080046e0   0x00000004   Data   RW          209    .data               main.o
    0x20000030   0x080046e4   0x00000004   Data   RW          210    .data               main.o
    0x20000034   0x080046e8   0x00000004   Data   RW          211    .data               main.o
    0x20000038   0x080046ec   0x00000004   Data   RW          212    .data               main.o
    0x2000003c   0x080046f0   0x00000004   Data   RW          213    .data               main.o
    0x20000040   0x080046f4   0x00000004   Data   RW          214    .data               main.o
    0x20000044   0x080046f8   0x00000004   Data   RW          215    .data               main.o
    0x20000048   0x080046fc   0x00000002   Data   RW          216    .data               main.o
    0x2000004a   0x080046fe   0x00000002   PAD
    0x2000004c   0x08004700   0x00000004   Data   RW          432    .data               system_stm32f0xx.o
    0x20000050   0x08004704   0x00000004   Data   RW         1250    .data               mc_p.l(stdin.o)
    0x20000054   0x08004708   0x00000004   Data   RW         1251    .data               mc_p.l(stdout.o)
    0x20000058   0x0800470c   0x00000003   Data   RW         1274    .data               mc_p.l(fgetc_b.o)
    0x2000005b   0x0800470f   0x00000005   PAD
    0x20000060        -       0x00000400   Zero   RW            1    STACK               startup_stm32f030x8.o


==============================================================================

Image component sizes


      Code (inc. data)   RO Data    RW Data    ZI Data      Debug   Object Name

      4314        688       8210         74          0     110997   main.o
        28          8        180          0       1024        680   startup_stm32f030x8.o
       820        164          0          0          0     232371   stm32f0xx_it.o
       160          4          0          0          0       5091   stm32f0xx_ll_exti.o
       168          0          0          0          0       6963   stm32f0xx_ll_gpio.o
       256         44          0          0          0      17560   stm32f0xx_ll_rcc.o
       100          8          0          0          0      11462   stm32f0xx_ll_spi.o
       752         92          0          0          0      34927   stm32f0xx_ll_tim.o
       172         16          0          0          0      17132   stm32f0xx_ll_usart.o
        76         16          0          0          0       6277   stm32f0xx_ll_utils.o
        92         14         24          4          0       1447   system_stm32f0xx.o

    ----------------------------------------------------------------------
      6948       1054       8446         80       1024     444907   Object Totals
         0          0         32          0          0          0   (incl. Generated)
        10          0          0          2          0          0   (incl. Padding)

    ----------------------------------------------------------------------

      Code (inc. data)   RO Data    RW Data    ZI Data      Debug   Library Member Name

        32          4          0          0          0         84   __0scanf.o
        30          0          0          0          0         60   _chval.o
       824         12          0          0          0         84   _scanf.o
       330          0          0          0          0         84   _scanf_int.o
       232          0          0          0          0         84   _scanf_str.o
        36          4         64          0          0         60   ctype_c.o
         0          0          0          0          0          0   entry.o
         0          0          0          0          0          0   entry10a.o
         0          0          0          0          0          0   entry11a.o
         8          4          0          0          0          0   entry2.o
         4          0          0          0          0          0   entry5.o
         0          0          0          0          0          0   entry7b.o
         0          0          0          0          0          0   entry8b.o
         8          4          0          0          0          0   entry9a.o
        44          4          0          3          0        128   fgetc_b.o
        30          0          0          0          0          0   handlers.o
        40          0          0          0          0         72   idiv.o
        36          8          0          0          0         68   init.o
        14          0          0          0          0         68   isspace_c.o
         0          0          0          0          0          0   iusefp.o
         0          0          0          0          0          0   iusesemig.o
        36          0          0          0          0        100   memseta.o
       492         12          0          0          0        168   printf3.o
        44          8          0          0          0         84   scanf_char.o
        24          8          0          0          0         68   scanf_char_file.o
         0          0          0          0          0          0   semi.o
         0          0          0          4          0          0   stdin.o
         0          0          0          4          0          0   stdout.o
        44          0          0          0          0         72   uidiv.o
       130          0          0          0          0        144   fepilogue.o
        50          0          0          0          0         60   ffixi.o
        22          0          0          0          0         68   fflti.o
       122          0          0          0          0         72   fmul.o

    ----------------------------------------------------------------------
      2640         68         66         12          4       1628   Library Totals
         8          0          2          1          4          0   (incl. Padding)

    ----------------------------------------------------------------------

      Code (inc. data)   RO Data    RW Data    ZI Data      Debug   Library Name

      2308         68         64         11          0       1284   mc_p.l
       324          0          0          0          0        344   mf_p.l

    ----------------------------------------------------------------------
      2640         68         66         12          4       1628   Library Totals

    ----------------------------------------------------------------------

==============================================================================


      Code (inc. data)   RO Data    RW Data    ZI Data      Debug   

      9588       1122       8512         92       1028     443211   Grand Totals
      9588       1122       8512         92       1028     443211   ELF Image Totals
      9588       1122       8512         92          0          0   ROM Totals

==============================================================================

    Total RO  Size (Code + RO Data)                18100 (  17.68kB)
    Total RW  Size (RW Data + ZI Data)              1120 (   1.09kB)
    Total ROM Size (Code + RO Data + RW Data)      18192 (  17.77kB)

==============================================================================

